Component: ARM Compiler 5.06 update 5 (build 528) Tool: armlink [4d35e2]

==============================================================================

Section Cross References

    main.o(i.MX_GPIO_Init) refers to stm32f1xx_hal_gpio.o(i.HAL_GPIO_WritePin) for HAL_GPIO_WritePin
    main.o(i.MX_GPIO_Init) refers to stm32f1xx_hal_gpio.o(i.HAL_GPIO_Init) for HAL_GPIO_Init
    main.o(i.MX_RTC_Init) refers to stm32f1xx_hal_rtc.o(i.HAL_RTC_Init) for HAL_RTC_Init
    main.o(i.MX_RTC_Init) refers to stm32f1xx_hal_rtc.o(i.HAL_RTC_SetTime) for HAL_RTC_SetTime
    main.o(i.MX_RTC_Init) refers to stm32f1xx_hal_rtc.o(i.HAL_RTC_SetDate) for HAL_RTC_SetDate
    main.o(i.MX_RTC_Init) refers to main.o(.bss) for .bss
    main.o(i.MX_SPI1_Init) refers to stm32f1xx_hal_spi.o(i.HAL_SPI_Init) for HAL_SPI_Init
    main.o(i.MX_SPI1_Init) refers to main.o(.bss) for .bss
    main.o(i.MX_SPI3_Init) refers to stm32f1xx_hal_spi.o(i.HAL_SPI_Init) for HAL_SPI_Init
    main.o(i.MX_SPI3_Init) refers to main.o(.bss) for .bss
    main.o(i.SystemClock_Config) refers to memseta.o(.text) for __aeabi_memclr4
    main.o(i.SystemClock_Config) refers to stm32f1xx_hal_rcc.o(i.HAL_RCC_OscConfig) for HAL_RCC_OscConfig
    main.o(i.SystemClock_Config) refers to stm32f1xx_hal_rcc.o(i.HAL_RCC_ClockConfig) for HAL_RCC_ClockConfig
    main.o(i.SystemClock_Config) refers to stm32f1xx_hal_rcc_ex.o(i.HAL_RCCEx_PeriphCLKConfig) for HAL_RCCEx_PeriphCLKConfig
    main.o(i.day_night_judge) refers to communication.o(i.lcd_switch) for lcd_switch
    main.o(i.day_night_judge) refers to main.o(.data) for .data
    main.o(i.main) refers to stm32f1xx_hal.o(i.HAL_Init) for HAL_Init
    main.o(i.main) refers to main.o(i.SystemClock_Config) for SystemClock_Config
    main.o(i.main) refers to main.o(i.MX_GPIO_Init) for MX_GPIO_Init
    main.o(i.main) refers to main.o(i.MX_SPI1_Init) for MX_SPI1_Init
    main.o(i.main) refers to main.o(i.MX_SPI3_Init) for MX_SPI3_Init
    main.o(i.main) refers to stm32f1xx_hal_uart.o(i.HAL_UART_Init) for HAL_UART_Init
    main.o(i.main) refers to main.o(i.MX_RTC_Init) for MX_RTC_Init
    main.o(i.main) refers to stmflash.o(i.flash_init) for flash_init
    main.o(i.main) refers to rc522.o(i.rc522_init) for rc522_init
    main.o(i.main) refers to lcd.o(i.LCD_Init) for LCD_Init
    main.o(i.main) refers to stm32f1xx_hal_gpio.o(i.HAL_GPIO_WritePin) for HAL_GPIO_WritePin
    main.o(i.main) refers to stmflash.o(i.read_netid) for read_netid
    main.o(i.main) refers to stm32f1xx_hal.o(i.HAL_Delay) for HAL_Delay
    main.o(i.main) refers to lcd.o(i.LCD_Clear) for LCD_Clear
    main.o(i.main) refers to stm32f1xx_hal_gpio.o(i.HAL_GPIO_ReadPin) for HAL_GPIO_ReadPin
    main.o(i.main) refers to gui.o(i.Gui_StrCenter) for Gui_StrCenter
    main.o(i.main) refers to printf8.o(i.__0printf$8) for __2printf
    main.o(i.main) refers to communication.o(i.display_main_gui) for display_main_gui
    main.o(i.main) refers to stm32f1xx_hal_rtc.o(i.HAL_RTC_GetTime) for HAL_RTC_GetTime
    main.o(i.main) refers to stm32f1xx_hal_rtc.o(i.HAL_RTC_GetDate) for HAL_RTC_GetDate
    main.o(i.main) refers to main.o(i.day_night_judge) for day_night_judge
    main.o(i.main) refers to printf8.o(i.__0sprintf$8) for __2sprintf
    main.o(i.main) refers to gui.o(i.Show_Str) for Show_Str
    main.o(i.main) refers to communication.o(i.display_week) for display_week
    main.o(i.main) refers to communication.o(i.rc522_work) for rc522_work
    main.o(i.main) refers to communication.o(i.data_led) for data_led
    main.o(i.main) refers to stmflash.o(i.search_cardid) for search_cardid
    main.o(i.main) refers to communication.o(i.lock_control) for lock_control
    main.o(i.main) refers to communication.o(i.send_cardid) for send_cardid
    main.o(i.main) refers to communication.o(i.beep) for beep
    main.o(i.main) refers to communication.o(i.lcd_switch) for lcd_switch
    main.o(i.main) refers to communication.o(i.lora_cmd_judge) for lora_cmd_judge
    main.o(i.main) refers to key.o(i.key_scan) for key_scan
    main.o(i.main) refers to key.o(i.manage_key_value) for manage_key_value
    main.o(i.main) refers to key.o(i.set_password) for set_password
    main.o(i.main) refers to main.o(.bss) for .bss
    main.o(i.main) refers to stmflash.o(.data) for net_id
    main.o(i.main) refers to key.o(.data) for set_password_flag
    main.o(i.main) refers to main.o(.data) for .data
    main.o(i.main) refers to communication.o(.data) for adjust_time_flag
    main.o(i.main) refers to communication.o(.bss) for lora_com
    stm32f1xx_it.o(i.RTC_IRQHandler) refers to stm32f1xx_hal_rtc_ex.o(i.HAL_RTCEx_RTCIRQHandler) for HAL_RTCEx_RTCIRQHandler
    stm32f1xx_it.o(i.RTC_IRQHandler) refers to main.o(.bss) for hrtc
    stm32f1xx_it.o(i.SPI1_IRQHandler) refers to stm32f1xx_hal_spi.o(i.HAL_SPI_IRQHandler) for HAL_SPI_IRQHandler
    stm32f1xx_it.o(i.SPI1_IRQHandler) refers to main.o(.bss) for hspi1
[...]
    ../Drivers/STM32F1xx_HAL_Driver/Src/stm32f1xx_hal_rtc_ex.c 0x00000000   Number         0  stm32f1xx_hal_rtc_ex.o ABSOLUTE
    ../Drivers/STM32F1xx_HAL_Driver/Src/stm32f1xx_hal_spi.c 0x00000000   Number         0  stm32f1xx_hal_spi.o ABSOLUTE
    ../Drivers/STM32F1xx_HAL_Driver/Src/stm32f1xx_hal_tim.c 0x00000000   Number         0  stm32f1xx_hal_tim.o ABSOLUTE
    ../Drivers/STM32F1xx_HAL_Driver/Src/stm32f1xx_hal_tim_ex.c 0x00000000   Number         0  stm32f1xx_hal_tim_ex.o ABSOLUTE
    ../Drivers/STM32F1xx_HAL_Driver/Src/stm32f1xx_hal_uart.c 0x00000000   Number         0  stm32f1xx_hal_uart.o ABSOLUTE
    ../clib/microlib/division.c              0x00000000   Number         0  uidiv.o ABSOLUTE
    ../clib/microlib/division.c              0x00000000   Number         0  uldiv.o ABSOLUTE
    ../clib/microlib/init/entry.s            0x00000000   Number         0  entry8b.o ABSOLUTE
    ../clib/microlib/init/entry.s            0x00000000   Number         0  entry8a.o ABSOLUTE
    ../clib/microlib/init/entry.s            0x00000000   Number         0  entry7b.o ABSOLUTE
    ../clib/microlib/init/entry.s            0x00000000   Number         0  entry7a.o ABSOLUTE
    ../clib/microlib/init/entry.s            0x00000000   Number         0  entry5.o ABSOLUTE
    ../clib/microlib/init/entry.s            0x00000000   Number         0  entry2.o ABSOLUTE
    ../clib/microlib/init/entry.s            0x00000000   Number         0  entry11b.o ABSOLUTE
    ../clib/microlib/init/entry.s            0x00000000   Number         0  entry.o ABSOLUTE
    ../clib/microlib/init/entry.s            0x00000000   Number         0  entry11a.o ABSOLUTE
    ../clib/microlib/init/entry.s            0x00000000   Number         0  entry10b.o ABSOLUTE
    ../clib/microlib/init/entry.s            0x00000000   Number         0  entry10a.o ABSOLUTE
    ../clib/microlib/init/entry.s            0x00000000   Number         0  entry9b.o ABSOLUTE
    ../clib/microlib/init/entry.s            0x00000000   Number         0  entry9a.o ABSOLUTE
    ../clib/microlib/longlong.c              0x00000000   Number         0  llushr.o ABSOLUTE
    ../clib/microlib/longlong.c              0x00000000   Number         0  llshl.o ABSOLUTE
    ../clib/microlib/longlong.c              0x00000000   Number         0  llsshr.o ABSOLUTE
    ../clib/microlib/printf/printf.c         0x00000000   Number         0  printf8.o ABSOLUTE
    ../clib/microlib/printf/printf.c         0x00000000   Number         0  printfb.o ABSOLUTE
    ../clib/microlib/printf/printf.c         0x00000000   Number         0  printf3.o ABSOLUTE
    ../clib/microlib/printf/printf.c         0x00000000   Number         0  printf4.o ABSOLUTE
    ../clib/microlib/printf/printf.c         0x00000000   Number         0  printf5.o ABSOLUTE
    ../clib/microlib/printf/printf.c         0x00000000   Number         0  printf2.o ABSOLUTE
    ../clib/microlib/printf/printf.c         0x00000000   Number         0  printf6.o ABSOLUTE
    ../clib/microlib/printf/printf.c         0x00000000   Number         0  printf7.o ABSOLUTE
    ../clib/microlib/printf/printf.c         0x00000000   Number         0  printfa.o ABSOLUTE
    ../clib/microlib/printf/printf.c         0x00000000   Number         0  printf1.o ABSOLUTE
    ../clib/microlib/printf/printf.c         0x00000000   Number         0  printf0.o ABSOLUTE
    ../clib/microlib/printf/stubs.s          0x00000000   Number         0  stubs.o ABSOLUTE
    ../clib/microlib/stdio/streams.c         0x00000000   Number         0  stdout.o ABSOLUTE
    ../clib/microlib/string/memset.c         0x00000000   Number         0  memseta.o ABSOLUTE
    ../clib/microlib/string/strlen.c         0x00000000   Number         0  strlen.o ABSOLUTE
    ../clib/microlib/stubs.s                 0x00000000   Number         0  iusefp.o ABSOLUTE
    ../fplib/microlib/fpadd.c                0x00000000   Number         0  dadd.o ABSOLUTE
    ../fplib/microlib/fpdiv.c                0x00000000   Number         0  ddiv.o ABSOLUTE
    ../fplib/microlib/fpepilogue.c           0x00000000   Number         0  depilogue.o ABSOLUTE
    ../fplib/microlib/fpfix.c                0x00000000   Number         0  dfixul.o ABSOLUTE
    ../fplib/microlib/fpmul.c                0x00000000   Number         0  dmul.o ABSOLUTE
    ..\Core\Src\main.c                       0x00000000   Number         0  main.o ABSOLUTE
    ..\Core\Src\stm32f1xx_hal_msp.c          0x00000000   Number         0  stm32f1xx_hal_msp.o ABSOLUTE
    ..\Core\Src\stm32f1xx_it.c               0x00000000   Number         0  stm32f1xx_it.o ABSOLUTE
    ..\Core\Src\system_stm32f1xx.c           0x00000000   Number         0  system_stm32f1xx.o ABSOLUTE
    ..\Drivers\STM32F1xx_HAL_Driver\Src\stm32f1xx_hal.c 0x00000000   Number         0  stm32f1xx_hal.o ABSOLUTE
    ..\Drivers\STM32F1xx_HAL_Driver\Src\stm32f1xx_hal_cortex.c 0x00000000   Number         0  stm32f1xx_hal_cortex.o ABSOLUTE
    ..\Drivers\STM32F1xx_HAL_Driver\Src\stm32f1xx_hal_dma.c 0x00000000   Number         0  stm32f1xx_hal_dma.o ABSOLUTE
    ..\Drivers\STM32F1xx_HAL_Driver\Src\stm32f1xx_hal_exti.c 0x00000000   Number         0  stm32f1xx_hal_exti.o ABSOLUTE
    ..\Drivers\STM32F1xx_HAL_Driver\Src\stm32f1xx_hal_flash.c 0x00000000   Number         0  stm32f1xx_hal_flash.o ABSOLUTE
    ..\Drivers\STM32F1xx_HAL_Driver\Src\stm32f1xx_hal_flash_ex.c 0x00000000   Number         0  stm32f1xx_hal_flash_ex.o ABSOLUTE
    ..\Drivers\STM32F1xx_HAL_Driver\Src\stm32f1xx_hal_gpio.c 0x00000000   Number         0  stm32f1xx_hal_gpio.o ABSOLUTE
    ..\Drivers\STM32F1xx_HAL_Driver\Src\stm32f1xx_hal_gpio_ex.c 0x00000000   Number         0  stm32f1xx_hal_gpio_ex.o ABSOLUTE
    ..\Drivers\STM32F1xx_HAL_Driver\Src\stm32f1xx_hal_pwr.c 0x00000000   Number         0  stm32f1xx_hal_pwr.o ABSOLUTE
    ..\Drivers\STM32F1xx_HAL_Driver\Src\stm32f1xx_hal_rcc.c 0x00000000   Number         0  stm32f1xx_hal_rcc.o ABSOLUTE
    ..\Drivers\STM32F1xx_HAL_Driver\Src\stm32f1xx_hal_rcc_ex.c 0x00000000   Number         0  stm32f1xx_hal_rcc_ex.o ABSOLUTE
    ..\Drivers\STM32F1xx_HAL_Driver\Src\stm32f1xx_hal_rtc.c 0x00000000   Number         0  stm32f1xx_hal_rtc.o ABSOLUTE
    ..\Drivers\STM32F1xx_HAL_Driver\Src\stm32f1xx_hal_rtc_ex.c 0x00000000   Number         0  stm32f1xx_hal_rtc_ex.o ABSOLUTE
    ..\Drivers\STM32F1xx_HAL_Driver\Src\stm32f1xx_hal_spi.c 0x00000000   Number         0  stm32f1xx_hal_spi.o ABSOLUTE
    ..\Drivers\STM32F1xx_HAL_Driver\Src\stm32f1xx_hal_tim.c 0x00000000   Number         0  stm32f1xx_hal_tim.o ABSOLUTE
    ..\Drivers\STM32F1xx_HAL_Driver\Src\stm32f1xx_hal_tim_ex.c 0x00000000   Number         0  stm32f1xx_hal_tim_ex.o ABSOLUTE
    ..\Drivers\STM32F1xx_HAL_Driver\Src\stm32f1xx_hal_uart.c 0x00000000   Number         0  stm32f1xx_hal_uart.o ABSOLUTE
    ..\Hardware\GUI.c                        0x00000000   Number         0  gui.o ABSOLUTE
    ..\Hardware\communication.c              0x00000000   Number         0  communication.o ABSOLUTE
    ..\Hardware\key.c                        0x00000000   Number         0  key.o ABSOLUTE
    ..\Hardware\lcd.c                        0x00000000   Number         0  lcd.o ABSOLUTE
    ..\Hardware\rc522.c                      0x00000000   Number         0  rc522.o ABSOLUTE
    ..\Hardware\stmflash.c                   0x00000000   Number         0  stmflash.o ABSOLUTE
    ..\\Hardware\\GUI.c                      0x00000000   Number         0  gui.o ABSOLUTE
    ..\\Hardware\\communication.c            0x00000000   Number         0  communication.o ABSOLUTE
    ..\\Hardware\\key.c                      0x00000000   Number         0  key.o ABSOLUTE
    ..\\Hardware\\lcd.c                      0x00000000   Number         0  lcd.o ABSOLUTE
    ..\\Hardware\\rc522.c                    0x00000000   Number         0  rc522.o ABSOLUTE
    ..\\Hardware\\stmflash.c                 0x00000000   Number         0  stmflash.o ABSOLUTE
    cdrcmple.s                               0x00000000   Number         0  cdrcmple.o ABSOLUTE
    dc.s                                     0x00000000   Number         0  dc.o ABSOLUTE
    handlers.s                               0x00000000   Number         0  handlers.o ABSOLUTE
    init.s                                   0x00000000   Number         0  init.o ABSOLUTE
    startup_stm32f103xe.s                    0x00000000   Number         0  startup_stm32f103xe.o ABSOLUTE
    RESET                                    0x08000000   Section      304  startup_stm32f103xe.o(RESET)
    .ARM.Collect$$$$00000000                 0x08000130   Section        0  entry.o(.ARM.Collect$$$$00000000)
    .ARM.Collect$$$$00000001                 0x08000130   Section        4  entry2.o(.ARM.Collect$$$$00000001)
    .ARM.Collect$$$$00000004                 0x08000134   Section        4  entry5.o(.ARM.Collect$$$$00000004)
    .ARM.Collect$$$$00000008                 0x08000138   Section        0  entry7b.o(.ARM.Collect$$$$00000008)
    .ARM.Collect$$$$0000000A                 0x08000138   Section        0  entry8b.o(.ARM.Collect$$$$0000000A)
    .ARM.Collect$$$$0000000B                 0x08000138   Section        8  entry9a.o(.ARM.Collect$$$$0000000B)
    .ARM.Collect$$$$0000000D                 0x08000140   Section        0  entry10a.o(.ARM.Collect$$$$0000000D)
    .ARM.Collect$$$$0000000F                 0x08000140   Section        0  entry11a.o(.ARM.Collect$$$$0000000F)
    .ARM.Collect$$$$00002712                 0x08000140   Section        4  entry2.o(.ARM.Collect$$$$00002712)
    __lit__00000000                          0x08000140   Data           4  entry2.o(.ARM.Collect$$$$00002712)
    .text                                    0x08000144   Section       36  startup_stm32f103xe.o(.text)
    .text                                    0x08000168   Section        0  llushr.o(.text)
    .text                                    0x08000188   Section        0  memseta.o(.text)
    .text                                    0x080001ac   Section        0  strlen.o(.text)
    .text                                    0x080001ba   Section        0  uldiv.o(.text)
    .text                                    0x0800021c   Section       36  init.o(.text)
    .text                                    0x08000240   Section        0  llshl.o(.text)
    i.BusFault_Handler                       0x0800025e   Section        0  stm32f1xx_it.o(i.BusFault_Handler)
    i.CRC_Check                              0x08000260   Section        0  communication.o(i.CRC_Check)
    i.ClearBitMask                           0x08000294   Section        0  rc522.o(i.ClearBitMask)
    i.DebugMon_Handler                       0x080002ac   Section        0  stm32f1xx_it.o(i.DebugMon_Handler)
    i.FLASH_PageErase                        0x080002b0   Section        0  stm32f1xx_hal_flash_ex.o(i.FLASH_PageErase)
    i.FLASH_Program_HalfWord                 0x080002d4   Section        0  stm32f1xx_hal_flash.o(i.FLASH_Program_HalfWord)
    FLASH_Program_HalfWord                   0x080002d5   Thumb Code    20  stm32f1xx_hal_flash.o(i.FLASH_Program_HalfWord)
    i.FLASH_SetErrorCode                     0x080002f0   Section        0  stm32f1xx_hal_flash.o(i.FLASH_SetErrorCode)
    FLASH_SetErrorCode                       0x080002f1   Thumb Code    84  stm32f1xx_hal_flash.o(i.FLASH_SetErrorCode)
    i.FLASH_WaitForLastOperation             0x0800034c   Section        0  stm32f1xx_hal_flash.o(i.FLASH_WaitForLastOperation)
    i.GUI_DrawFont16                         0x080003a0   Section        0  gui.o(i.GUI_DrawFont16)
    i.GUI_DrawFont24                         0x0800048c   Section        0  gui.o(i.GUI_DrawFont24)
    i.Gui_Drawbmp16                          0x0800057c   Section        0  gui.o(i.Gui_Drawbmp16)
    i.Gui_StrCenter                          0x080005d0   Section        0  gui.o(i.Gui_StrCenter)
    i.HAL_DMA_Abort_IT                       0x08000614   Section        0  stm32f1xx_hal_dma.o(i.HAL_DMA_Abort_IT)
    i.HAL_Delay                              0x08000744   Section        0  stm32f1xx_hal.o(i.HAL_Delay)
    i.HAL_FLASH_Lock                         0x08000768   Section        0  stm32f1xx_hal_flash.o(i.HAL_FLASH_Lock)
    i.HAL_FLASH_Program                      0x0800077c   Section        0  stm32f1xx_hal_flash.o(i.HAL_FLASH_Program)
    i.HAL_FLASH_Unlock                       0x080007fc   Section        0  stm32f1xx_hal_flash.o(i.HAL_FLASH_Unlock)
    i.HAL_GPIO_Init                          0x08000824   Section        0  stm32f1xx_hal_gpio.o(i.HAL_GPIO_Init)
    i.HAL_GPIO_ReadPin                       0x08000a1c   Section        0  stm32f1xx_hal_gpio.o(i.HAL_GPIO_ReadPin)
    i.HAL_GPIO_WritePin                      0x08000a26   Section        0  stm32f1xx_hal_gpio.o(i.HAL_GPIO_WritePin)
    i.HAL_GetTick                            0x08000a30   Section        0  stm32f1xx_hal.o(i.HAL_GetTick)
    i.HAL_IncTick                            0x08000a3c   Section        0  stm32f1xx_hal.o(i.HAL_IncTick)
    i.HAL_Init                               0x08000a4c   Section        0  stm32f1xx_hal.o(i.HAL_Init)
    i.HAL_InitTick                           0x08000a70   Section        0  stm32f1xx_hal.o(i.HAL_InitTick)
    i.HAL_MspInit                            0x08000ab0   Section        0  stm32f1xx_hal_msp.o(i.HAL_MspInit)
    i.HAL_NVIC_EnableIRQ                     0x08000aec   Section        0  stm32f1xx_hal_cortex.o(i.HAL_NVIC_EnableIRQ)
    i.HAL_NVIC_SetPriority                   0x08000b08   Section        0  stm32f1xx_hal_cortex.o(i.HAL_NVIC_SetPriority)
    i.HAL_NVIC_SetPriorityGrouping           0x08000b48   Section        0  stm32f1xx_hal_cortex.o(i.HAL_NVIC_SetPriorityGrouping)
    i.HAL_PWR_EnableBkUpAccess               0x08000b6c   Section        0  stm32f1xx_hal_pwr.o(i.HAL_PWR_EnableBkUpAccess)
    i.HAL_RCCEx_GetPeriphCLKFreq             0x08000b78   Section        0  stm32f1xx_hal_rcc_ex.o(i.HAL_RCCEx_GetPeriphCLKFreq)
    i.HAL_RCCEx_PeriphCLKConfig              0x08000c4c   Section        0  stm32f1xx_hal_rcc_ex.o(i.HAL_RCCEx_PeriphCLKConfig)
    i.HAL_RCC_ClockConfig                    0x08000d38   Section        0  stm32f1xx_hal_rcc.o(i.HAL_RCC_ClockConfig)
    i.HAL_RCC_GetPCLK1Freq                   0x08000e64   Section        0  stm32f1xx_hal_rcc.o(i.HAL_RCC_GetPCLK1Freq)
    i.HAL_RCC_GetPCLK2Freq                   0x08000e84   Section        0  stm32f1xx_hal_rcc.o(i.HAL_RCC_GetPCLK2Freq)
    i.HAL_RCC_GetSysClockFreq                0x08000ea4   Section        0  stm32f1xx_hal_rcc.o(i.HAL_RCC_GetSysClockFreq)
    i.HAL_RCC_OscConfig                      0x08000f10   Section        0  stm32f1xx_hal_rcc.o(i.HAL_RCC_OscConfig)
    i.HAL_RTCEx_RTCEventCallback             0x08001230   Section        0  stm32f1xx_hal_rtc_ex.o(i.HAL_RTCEx_RTCEventCallback)
    i.HAL_RTCEx_RTCEventErrorCallback        0x08001232   Section        0  stm32f1xx_hal_rtc_ex.o(i.HAL_RTCEx_RTCEventErrorCallback)
    i.HAL_RTCEx_RTCIRQHandler                0x08001234   Section        0  stm32f1xx_hal_rtc_ex.o(i.HAL_RTCEx_RTCIRQHandler)
    i.HAL_RTC_GetDate                        0x08001270   Section        0  stm32f1xx_hal_rtc.o(i.HAL_RTC_GetDate)
    i.HAL_RTC_GetTime                        0x080012be   Section        0  stm32f1xx_hal_rtc.o(i.HAL_RTC_GetTime)
    i.HAL_RTC_Init                           0x08001398   Section        0  stm32f1xx_hal_rtc.o(i.HAL_RTC_Init)
    i.HAL_RTC_MspInit                        0x08001438   Section        0  stm32f1xx_hal_msp.o(i.HAL_RTC_MspInit)
    i.HAL_RTC_SetDate                        0x08001480   Section        0  stm32f1xx_hal_rtc.o(i.HAL_RTC_SetDate)
    i.HAL_RTC_SetTime                        0x08001544   Section        0  stm32f1xx_hal_rtc.o(i.HAL_RTC_SetTime)
    i.HAL_RTC_WaitForSynchro                 0x080015f0   Section        0  stm32f1xx_hal_rtc.o(i.HAL_RTC_WaitForSynchro)
    i.HAL_SPI_ErrorCallback                  0x0800162a   Section        0  stm32f1xx_hal_spi.o(i.HAL_SPI_ErrorCallback)
    i.HAL_SPI_IRQHandler                     0x0800162c   Section        0  stm32f1xx_hal_spi.o(i.HAL_SPI_IRQHandler)
    i.HAL_SPI_Init                           0x0800170c   Section        0  stm32f1xx_hal_spi.o(i.HAL_SPI_Init)
    i.HAL_SPI_MspInit                        0x080017c0   Section        0  stm32f1xx_hal_msp.o(i.HAL_SPI_MspInit)
    i.HAL_SPI_Receive                        0x0800189c   Section        0  stm32f1xx_hal_spi.o(i.HAL_SPI_Receive)
    i.HAL_SPI_Transmit                       0x080019f6   Section        0  stm32f1xx_hal_spi.o(i.HAL_SPI_Transmit)
    i.HAL_SPI_TransmitReceive                0x08001b5c   Section        0  stm32f1xx_hal_spi.o(i.HAL_SPI_TransmitReceive)
    i.HAL_SYSTICK_Config                     0x08001d3e   Section        0  stm32f1xx_hal_cortex.o(i.HAL_SYSTICK_Config)
    i.HAL_UART_ErrorCallback                 0x08001d66   Section        0  stm32f1xx_hal_uart.o(i.HAL_UART_ErrorCallback)
    i.HAL_UART_IRQHandler                    0x08001d68   Section        0  stm32f1xx_hal_uart.o(i.HAL_UART_IRQHandler)
    i.HAL_UART_Init                          0x08001ec4   Section        0  stm32f1xx_hal_uart.o(i.HAL_UART_Init)
    i.HAL_UART_MspInit                       0x08001f28   Section        0  stm32f1xx_hal_msp.o(i.HAL_UART_MspInit)
    i.HAL_UART_RxCpltCallback                0x08001fa8   Section        0  stm32f1xx_hal_uart.o(i.HAL_UART_RxCpltCallback)
    i.HAL_UART_Transmit                      0x08001fac   Section        0  stm32f1xx_hal_uart.o(i.HAL_UART_Transmit)
    i.HAL_UART_TxCpltCallback                0x0800205e   Section        0  stm32f1xx_hal_uart.o(i.HAL_UART_TxCpltCallback)
    i.HardFault_Handler                      0x08002060   Section        0  stm32f1xx_it.o(i.HardFault_Handler)
    i.LCD_Clear                              0x08002064   Section        0  lcd.o(i.LCD_Clear)
    i.LCD_DrawPoint                          0x080020bc   Section        0  lcd.o(i.LCD_DrawPoint)
    i.LCD_Fill                               0x080020d4   Section        0  gui.o(i.LCD_Fill)
    i.LCD_Init                               0x08002128   Section        0  lcd.o(i.LCD_Init)
    i.LCD_RESET                              0x08002368   Section        0  lcd.o(i.LCD_RESET)
    i.LCD_SetCursor                          0x08002388   Section        0  lcd.o(i.LCD_SetCursor)
    i.LCD_SetWindows                         0x08002390   Section        0  lcd.o(i.LCD_SetWindows)
    i.LCD_ShowChar                           0x080023ec   Section        0  gui.o(i.LCD_ShowChar)
    i.LCD_WR_DATA                            0x0800255c   Section        0  lcd.o(i.LCD_WR_DATA)
    i.LCD_WR_REG                             0x08002580   Section        0  lcd.o(i.LCD_WR_REG)
    i.LCD_WriteRAM_Prepare                   0x080025a4   Section        0  lcd.o(i.LCD_WriteRAM_Prepare)
    i.LCD_WriteReg                           0x080025b0   Section        0  lcd.o(i.LCD_WriteReg)
    i.LCD_direction                          0x080025c4   Section        0  lcd.o(i.LCD_direction)
    i.Lcd_WriteData_16Bit                    0x08002610   Section        0  lcd.o(i.Lcd_WriteData_16Bit)
    i.M500PcdConfigISOType                   0x08002634   Section        0  rc522.o(i.M500PcdConfigISOType)
    i.MX_GPIO_Init                           0x0800268c   Section        0  main.o(i.MX_GPIO_Init)
    MX_GPIO_Init                             0x0800268d   Thumb Code   266  main.o(i.MX_GPIO_Init)
    i.MX_RTC_Init                            0x080027ac   Section        0  main.o(i.MX_RTC_Init)
    MX_RTC_Init                              0x080027ad   Thumb Code    86  main.o(i.MX_RTC_Init)
    i.MX_SPI1_Init                           0x0800280c   Section        0  main.o(i.MX_SPI1_Init)
    MX_SPI1_Init                             0x0800280d   Thumb Code    46  main.o(i.MX_SPI1_Init)
    i.MX_SPI3_Init                           0x08002844   Section        0  main.o(i.MX_SPI3_Init)
    MX_SPI3_Init                             0x08002845   Thumb Code    46  main.o(i.MX_SPI3_Init)
    i.MemManage_Handler                      0x0800287c   Section        0  stm32f1xx_it.o(i.MemManage_Handler)
    i.NMI_Handler                            0x0800287e   Section        0  stm32f1xx_it.o(i.NMI_Handler)
    i.PcdAntennaOff                          0x08002880   Section        0  rc522.o(i.PcdAntennaOff)
    i.PcdAntennaOn                           0x08002888   Section        0  rc522.o(i.PcdAntennaOn)
    i.PcdAnticoll                            0x080028a2   Section        0  rc522.o(i.PcdAnticoll)
    i.PcdComMF522                            0x0800290c   Section        0  rc522.o(i.PcdComMF522)
    i.PcdRequest                             0x08002a22   Section        0  rc522.o(i.PcdRequest)
    i.PcdReset                               0x08002a74   Section        0  rc522.o(i.PcdReset)
    i.PendSV_Handler                         0x08002af0   Section        0  stm32f1xx_it.o(i.PendSV_Handler)
    i.RTC_Bcd2ToByte                         0x08002af2   Section        0  stm32f1xx_hal_rtc.o(i.RTC_Bcd2ToByte)
    RTC_Bcd2ToByte                           0x08002af3   Thumb Code    18  stm32f1xx_hal_rtc.o(i.RTC_Bcd2ToByte)
    i.RTC_ByteToBcd2                         0x08002b04   Section        0  stm32f1xx_hal_rtc.o(i.RTC_ByteToBcd2)
    RTC_ByteToBcd2                           0x08002b05   Thumb Code    22  stm32f1xx_hal_rtc.o(i.RTC_ByteToBcd2)
    i.RTC_DateUpdate                         0x08002b1a   Section        0  stm32f1xx_hal_rtc.o(i.RTC_DateUpdate)
    RTC_DateUpdate                           0x08002b1b   Thumb Code   174  stm32f1xx_hal_rtc.o(i.RTC_DateUpdate)
    i.RTC_EnterInitMode                      0x08002bc8   Section        0  stm32f1xx_hal_rtc.o(i.RTC_EnterInitMode)
    RTC_EnterInitMode                        0x08002bc9   Thumb Code    52  stm32f1xx_hal_rtc.o(i.RTC_EnterInitMode)
    i.RTC_ExitInitMode                       0x08002bfc   Section        0  stm32f1xx_hal_rtc.o(i.RTC_ExitInitMode)
    RTC_ExitInitMode                         0x08002bfd   Thumb Code    54  stm32f1xx_hal_rtc.o(i.RTC_ExitInitMode)
    i.RTC_IRQHandler                         0x08002c34   Section        0  stm32f1xx_it.o(i.RTC_IRQHandler)
    i.RTC_ReadAlarmCounter                   0x08002c40   Section        0  stm32f1xx_hal_rtc.o(i.RTC_ReadAlarmCounter)
    RTC_ReadAlarmCounter                     0x08002c41   Thumb Code    14  stm32f1xx_hal_rtc.o(i.RTC_ReadAlarmCounter)
    i.RTC_ReadTimeCounter                    0x08002c4e   Section        0  stm32f1xx_hal_rtc.o(i.RTC_ReadTimeCounter)
    RTC_ReadTimeCounter                      0x08002c4f   Thumb Code    32  stm32f1xx_hal_rtc.o(i.RTC_ReadTimeCounter)
    i.RTC_WeekDayNum                         0x08002c6e   Section        0  stm32f1xx_hal_rtc.o(i.RTC_WeekDayNum)
    RTC_WeekDayNum                           0x08002c6f   Thumb Code    86  stm32f1xx_hal_rtc.o(i.RTC_WeekDayNum)
    i.RTC_WriteAlarmCounter                  0x08002cc4   Section        0  stm32f1xx_hal_rtc.o(i.RTC_WriteAlarmCounter)
    RTC_WriteAlarmCounter                    0x08002cc5   Thumb Code    40  stm32f1xx_hal_rtc.o(i.RTC_WriteAlarmCounter)
    i.RTC_WriteTimeCounter                   0x08002cec   Section        0  stm32f1xx_hal_rtc.o(i.RTC_WriteTimeCounter)
    RTC_WriteTimeCounter                     0x08002ced   Thumb Code    40  stm32f1xx_hal_rtc.o(i.RTC_WriteTimeCounter)
    i.ReadRawRC                              0x08002d14   Section        0  rc522.o(i.ReadRawRC)
    i.SPI1_IRQHandler                        0x08002d6c   Section        0  stm32f1xx_it.o(i.SPI1_IRQHandler)
    i.SPI3_IRQHandler                        0x08002d78   Section        0  stm32f1xx_it.o(i.SPI3_IRQHandler)
    i.SPI_DMAAbortOnError                    0x08002d84   Section        0  stm32f1xx_hal_spi.o(i.SPI_DMAAbortOnError)
    SPI_DMAAbortOnError                      0x08002d85   Thumb Code    16  stm32f1xx_hal_spi.o(i.SPI_DMAAbortOnError)
    i.SPI_EndRxTransaction                   0x08002d94   Section        0  stm32f1xx_hal_spi.o(i.SPI_EndRxTransaction)
    SPI_EndRxTransaction                     0x08002d95   Thumb Code    92  stm32f1xx_hal_spi.o(i.SPI_EndRxTransaction)
    i.SPI_EndRxTxTransaction                 0x08002df0   Section        0  stm32f1xx_hal_spi.o(i.SPI_EndRxTxTransaction)
    SPI_EndRxTxTransaction                   0x08002df1   Thumb Code    32  stm32f1xx_hal_spi.o(i.SPI_EndRxTxTransaction)
    i.SPI_WaitFlagStateUntilTimeout          0x08002e10   Section        0  stm32f1xx_hal_spi.o(i.SPI_WaitFlagStateUntilTimeout)
    SPI_WaitFlagStateUntilTimeout            0x08002e11   Thumb Code   180  stm32f1xx_hal_spi.o(i.SPI_WaitFlagStateUntilTimeout)
    i.STMFLASH_Read                          0x08002ec8   Section        0  stmflash.o(i.STMFLASH_Read)
    i.STMFLASH_Write                         0x08002ee4   Section        0  stmflash.o(i.STMFLASH_Write)
    i.STMFLASH_Write_NoCheck                 0x08002fc4   Section        0  stmflash.o(i.STMFLASH_Write_NoCheck)
    i.SVC_Handler                            0x08002ff0   Section        0  stm32f1xx_it.o(i.SVC_Handler)
    i.SetBitMask                             0x08002ff2   Section        0  rc522.o(i.SetBitMask)
    i.Show_Str                               0x0800300c   Section        0  gui.o(i.Show_Str)
    i.SysTick_Handler                        0x080030a8   Section        0  stm32f1xx_it.o(i.SysTick_Handler)
    i.SystemClock_Config                     0x080030ac   Section        0  main.o(i.SystemClock_Config)
    i.SystemInit                             0x08003114   Section        0  system_stm32f1xx.o(i.SystemInit)
    i.UART_DMAAbortOnError                   0x08003116   Section        0  stm32f1xx_hal_uart.o(i.UART_DMAAbortOnError)
    UART_DMAAbortOnError                     0x08003117   Thumb Code    16  stm32f1xx_hal_uart.o(i.UART_DMAAbortOnError)
    i.UART_EndRxTransfer                     0x08003126   Section        0  stm32f1xx_hal_uart.o(i.UART_EndRxTransfer)
    UART_EndRxTransfer                       0x08003127   Thumb Code    28  stm32f1xx_hal_uart.o(i.UART_EndRxTransfer)
    i.UART_Receive_IT                        0x08003142   Section        0  stm32f1xx_hal_uart.o(i.UART_Receive_IT)
    UART_Receive_IT                          0x08003143   Thumb Code   140  stm32f1xx_hal_uart.o(i.UART_Receive_IT)
    i.UART_SetConfig                         0x080031d0   Section        0  stm32f1xx_hal_uart.o(i.UART_SetConfig)
    UART_SetConfig                           0x080031d1   Thumb Code   178  stm32f1xx_hal_uart.o(i.UART_SetConfig)
    i.UART_WaitOnFlagUntilTimeout            0x08003288   Section        0  stm32f1xx_hal_uart.o(i.UART_WaitOnFlagUntilTimeout)
    UART_WaitOnFlagUntilTimeout              0x08003289   Thumb Code   100  stm32f1xx_hal_uart.o(i.UART_WaitOnFlagUntilTimeout)
    i.USART1_IRQHandler                      0x080032ec   Section        0  stm32f1xx_it.o(i.USART1_IRQHandler)
    i.UsageFault_Handler                     0x08003330   Section        0  stm32f1xx_it.o(i.UsageFault_Handler)
    i.WriteRawRC                             0x08003334   Section        0  rc522.o(i.WriteRawRC)
    i.__0printf$8                            0x08003380   Section        0  printf8.o(i.__0printf$8)
    i.__0sprintf$8                           0x080033a0   Section        0  printf8.o(i.__0sprintf$8)
    i.__NVIC_SetPriority                     0x080033c8   Section        0  stm32f1xx_hal_cortex.o(i.__NVIC_SetPriority)
    __NVIC_SetPriority                       0x080033c9   Thumb Code    32  stm32f1xx_hal_cortex.o(i.__NVIC_SetPriority)
    i.__scatterload_copy                     0x080033e8   Section       14  handlers.o(i.__scatterload_copy)
    i.__scatterload_null                     0x080033f6   Section        2  handlers.o(i.__scatterload_null)
    i.__scatterload_zeroinit                 0x080033f8   Section       14  handlers.o(i.__scatterload_zeroinit)
    i._printf_core                           0x08003408   Section        0  printf8.o(i._printf_core)
    _printf_core                             0x08003409   Thumb Code   996  printf8.o(i._printf_core)
    i._printf_post_padding                   0x08003818   Section        0  printf8.o(i._printf_post_padding)
    _printf_post_padding                     0x08003819   Thumb Code    36  printf8.o(i._printf_post_padding)
    i._printf_pre_padding                    0x0800383c   Section        0  printf8.o(i._printf_pre_padding)
    _printf_pre_padding                      0x0800383d   Thumb Code    46  printf8.o(i._printf_pre_padding)
    i._sputc                                 0x0800386a   Section        0  printf8.o(i._sputc)
    _sputc                                   0x0800386b   Thumb Code    10  printf8.o(i._sputc)
    i.beep                                   0x08003874   Section        0  communication.o(i.beep)
    i.change_password                        0x080038ec   Section        0  key.o(i.change_password)
    i.clear_all_cardid                       0x08003c70   Section        0  stmflash.o(i.clear_all_cardid)
    i.data_led                               0x08003c7c   Section        0  communication.o(i.data_led)
    i.day_night_judge                        0x08003ca8   Section        0  main.o(i.day_night_judge)
    i.display_main_gui                       0x08003d10   Section        0  communication.o(i.display_main_gui)
    i.display_week                           0x08003d84   Section        0  communication.o(i.display_week)
    i.flash_init                             0x08003e08   Section        0  stmflash.o(i.flash_init)
    i.fputc                                  0x08003e40   Section        0  communication.o(i.fputc)
    i.insert_cardid_addr                     0x08003e58   Section        0  stmflash.o(i.insert_cardid_addr)
    i.insert_password_addr                   0x08003e7c   Section        0  stmflash.o(i.insert_password_addr)
    i.key_scan                               0x08003ea4   Section        0  key.o(i.key_scan)
    i.lcd_switch                             0x08004044   Section        0  communication.o(i.lcd_switch)
    i.lock_control                           0x0800405c   Section        0  communication.o(i.lock_control)
    i.lora_cmd_judge                         0x080040f8   Section        0  communication.o(i.lora_cmd_judge)
    i.lora_irq                               0x08004500   Section        0  communication.o(i.lora_irq)
    i.main                                   0x080045a0   Section        0  main.o(i.main)
    i.manage_key_value                       0x080049a0   Section        0  key.o(i.manage_key_value)
    i.password_to_opendoor                   0x08004a3c   Section        0  key.o(i.password_to_opendoor)
    i.rc522_init                             0x08004b30   Section        0  rc522.o(i.rc522_init)
    i.rc522_work                             0x08004b44   Section        0  communication.o(i.rc522_work)
    i.read_netid                             0x08004b74   Section        0  stmflash.o(i.read_netid)
    i.scan_row                               0x08004b80   Section        0  key.o(i.scan_row)
    i.search_cardid                          0x08004be4   Section        0  stmflash.o(i.search_cardid)
    i.search_cardid_addr                     0x08004c08   Section        0  stmflash.o(i.search_cardid_addr)
    i.search_password                        0x08004c2c   Section        0  stmflash.o(i.search_password)
    i.search_password_addr                   0x08004c50   Section        0  stmflash.o(i.search_password_addr)
    i.send_cardid                            0x08004c78   Section        0  communication.o(i.send_cardid)
    i.send_password                          0x08004d08   Section        0  communication.o(i.send_password)
    i.set_password                           0x08004d90   Section        0  key.o(i.set_password)
    .constdata                               0x08004ecc   Section       16  system_stm32f1xx.o(.constdata)
    .constdata                               0x08004edc   Section        8  system_stm32f1xx.o(.constdata)
    .constdata                               0x08004ee4   Section     7828  gui.o(.constdata)
    .constdata                               0x08006d78   Section     3200  gui.o(.constdata)
    .data                                    0x20000000   Section       16  main.o(.data)
    .data                                    0x20000010   Section       12  stm32f1xx_hal.o(.data)
    .data                                    0x2000001c   Section        4  system_stm32f1xx.o(.data)
    .data                                    0x20000020   Section        8  communication.o(.data)
    index                                    0x20000020   Data           1  communication.o(.data)
    payload_index                            0x20000021   Data           1  communication.o(.data)
    .data                                    0x20000028   Section        2  lcd.o(.data)
    .data                                    0x2000002c   Section       34  key.o(.data)
    menu_sta                                 0x2000002c   Data           1  key.o(.data)
    change_sta                               0x2000002d   Data           1  key.o(.data)
    temp1                                    0x20000034   Data           4  key.o(.data)
    password_addr                            0x20000038   Data           4  key.o(.data)
    .data                                    0x20000050   Section        8  stmflash.o(.data)
    .data                                    0x20000058   Section        4  stdout.o(.data)
    .bss                                     0x2000005c   Section      260  main.o(.bss)
    .bss                                     0x20000160   Section       32  stm32f1xx_hal_flash.o(.bss)
    .bss                                     0x20000180   Section       20  communication.o(.bss)
    .bss                                     0x20000194   Section      109  communication.o(.bss)
    .bss                                     0x20000202   Section       14  lcd.o(.bss)
    .bss                                     0x20000210   Section     2048  stmflash.o(.bss)
    STACK                                    0x20000a10   Section     1024  startup_stm32f103xe.o(STACK)

    Global Symbols

    Symbol Name                              Value     Ov Type        Size  Object(Section)

    BuildAttributes$$THM_ISAv4$P$D$K$B$S$PE$A:L22UL41UL21$X:L11$S22US41US21$IEEE1$IW$USESV6$~STKCKD$USESV7$~SHL$OSPACE$ROPI$EBA8$MICROLIB$REQ8$PRES8$EABIv2 0x00000000   Number         0  anon$$obj.o ABSOLUTE
    __ARM_use_no_argv                        0x00000000   Number         0  main.o ABSOLUTE
    _printf_a                                0x00000000   Number         0  stubs.o ABSOLUTE
    _printf_c                                0x00000000   Number         0  stubs.o ABSOLUTE
    _printf_charcount                        0x00000000   Number         0  stubs.o ABSOLUTE
    _printf_d                                0x00000000   Number         0  stubs.o ABSOLUTE
    _printf_e                                0x00000000   Number         0  stubs.o ABSOLUTE
    _printf_f                                0x00000000   Number         0  stubs.o ABSOLUTE
    _printf_flags                            0x00000000   Number         0  stubs.o ABSOLUTE
    _printf_fp_dec                           0x00000000   Number         0  stubs.o ABSOLUTE
    _printf_fp_hex                           0x00000000   Number         0  stubs.o ABSOLUTE
    _printf_g                                0x00000000   Number         0  stubs.o ABSOLUTE
    _printf_i                                0x00000000   Number         0  stubs.o ABSOLUTE
    _printf_int_dec                          0x00000000   Number         0  stubs.o ABSOLUTE
    _printf_l                                0x00000000   Number         0  stubs.o ABSOLUTE
    _printf_lc                               0x00000000   Number         0  stubs.o ABSOLUTE
    _printf_ll                               0x00000000   Number         0  stubs.o ABSOLUTE
    _printf_lld                              0x00000000   Number         0  stubs.o ABSOLUTE
    _printf_lli                              0x00000000   Number         0  stubs.o ABSOLUTE
    _printf_llo                              0x00000000   Number         0  stubs.o ABSOLUTE
    _printf_llu                              0x00000000   Number         0  stubs.o ABSOLUTE
    _printf_llx                              0x00000000   Number         0  stubs.o ABSOLUTE
    _printf_longlong_dec                     0x00000000   Number         0  stubs.o ABSOLUTE
    _printf_longlong_hex                     0x00000000   Number         0  stubs.o ABSOLUTE
    _printf_longlong_oct                     0x00000000   Number         0  stubs.o ABSOLUTE
    _printf_ls                               0x00000000   Number         0  stubs.o ABSOLUTE
    _printf_mbtowc                           0x00000000   Number         0  stubs.o ABSOLUTE
    _printf_n                                0x00000000   Number         0  stubs.o ABSOLUTE
    _printf_o                                0x00000000   Number         0  stubs.o ABSOLUTE
    _printf_p                                0x00000000   Number         0  stubs.o ABSOLUTE
    _printf_percent                          0x00000000   Number         0  stubs.o ABSOLUTE
    _printf_pre_padding                      0x00000000   Number         0  stubs.o ABSOLUTE
    _printf_return_value                     0x00000000   Number         0  stubs.o ABSOLUTE
    _printf_s                                0x00000000   Number         0  stubs.o ABSOLUTE
    _printf_sizespec                         0x00000000   Number         0  stubs.o ABSOLUTE
    _printf_str                              0x00000000   Number         0  stubs.o ABSOLUTE
    _printf_truncate_signed                  0x00000000   Number         0  stubs.o ABSOLUTE
    _printf_truncate_unsigned                0x00000000   Number         0  stubs.o ABSOLUTE
    _printf_u                                0x00000000   Number         0  stubs.o ABSOLUTE
    _printf_wc                               0x00000000   Number         0  stubs.o ABSOLUTE
    _printf_wctomb                           0x00000000   Number         0  stubs.o ABSOLUTE
    _printf_widthprec                        0x00000000   Number         0  stubs.o ABSOLUTE
    _printf_x                                0x00000000   Number         0  stubs.o ABSOLUTE
    __cpp_initialize__aeabi_                  - Undefined Weak Reference
    __cxa_finalize                            - Undefined Weak Reference
    __decompress                              - Undefined Weak Reference
    _clock_init                               - Undefined Weak Reference
    _microlib_exit                            - Undefined Weak Reference
    __Vectors_Size                           0x00000130   Number         0  startup_stm32f103xe.o ABSOLUTE
    __Vectors                                0x08000000   Data           4  startup_stm32f103xe.o(RESET)
    __Vectors_End                            0x08000130   Data           0  startup_stm32f103xe.o(RESET)
    __main                                   0x08000131   Thumb Code     0  entry.o(.ARM.Collect$$$$00000000)
    _main_stk                                0x08000131   Thumb Code     0  entry2.o(.ARM.Collect$$$$00000001)
    _main_scatterload                        0x08000135   Thumb Code     0  entry5.o(.ARM.Collect$$$$00000004)
    __main_after_scatterload                 0x08000139   Thumb Code     0  entry5.o(.ARM.Collect$$$$00000004)
    _main_clock                              0x08000139   Thumb Code     0  entry7b.o(.ARM.Collect$$$$00000008)
    _main_cpp_init                           0x08000139   Thumb Code     0  entry8b.o(.ARM.Collect$$$$0000000A)
    _main_init                               0x08000139   Thumb Code     0  entry9a.o(.ARM.Collect$$$$0000000B)
    __rt_final_cpp                           0x08000141   Thumb Code     0  entry10a.o(.ARM.Collect$$$$0000000D)
    __rt_final_exit                          0x08000141   Thumb Code     0  entry11a.o(.ARM.Collect$$$$0000000F)
    Reset_Handler                            0x08000145   Thumb Code     8  startup_stm32f103xe.o(.text)
    ADC1_2_IRQHandler                        0x0800015f   Thumb Code     0  startup_stm32f103xe.o(.text)
    ADC3_IRQHandler                          0x0800015f   Thumb Code     0  startup_stm32f103xe.o(.text)
    CAN1_RX1_IRQHandler                      0x0800015f   Thumb Code     0  startup_stm32f103xe.o(.text)
    CAN1_SCE_IRQHandler                      0x0800015f   Thumb Code     0  startup_stm32f103xe.o(.text)
    DMA1_Channel1_IRQHandler                 0x0800015f   Thumb Code     0  startup_stm32f103xe.o(.text)
    DMA1_Channel2_IRQHandler                 0x0800015f   Thumb Code     0  startup_stm32f103xe.o(.text)
    DMA1_Channel3_IRQHandler                 0x0800015f   Thumb Code     0  startup_stm32f103xe.o(.text)
    DMA1_Channel4_IRQHandler                 0x0800015f   Thumb Code     0  startup_stm32f103xe.o(.text)
    DMA1_Channel5_IRQHandler                 0x0800015f   Thumb Code     0  startup_stm32f103xe.o(.text)
    DMA1_Channel6_IRQHandler                 0x0800015f   Thumb Code     0  startup_stm32f103xe.o(.text)
    DMA1_Channel7_IRQHandler                 0x0800015f   Thumb Code     0  startup_stm32f103xe.o(.text)
    DMA2_Channel1_IRQHandler                 0x0800015f   Thumb Code     0  startup_stm32f103xe.o(.text)
    DMA2_Channel2_IRQHandler                 0x0800015f   Thumb Code     0  startup_stm32f103xe.o(.text)
    DMA2_Channel3_IRQHandler                 0x0800015f   Thumb Code     0  startup_stm32f103xe.o(.text)
    DMA2_Channel4_5_IRQHandler               0x0800015f   Thumb Code     0  startup_stm32f103xe.o(.text)
    EXTI0_IRQHandler                         0x0800015f   Thumb Code     0  startup_stm32f103xe.o(.text)
    EXTI15_10_IRQHandler                     0x0800015f   Thumb Code     0  startup_stm32f103xe.o(.text)
    EXTI1_IRQHandler                         0x0800015f   Thumb Code     0  startup_stm32f103xe.o(.text)
    EXTI2_IRQHandler                         0x0800015f   Thumb Code     0  startup_stm32f103xe.o(.text)
    EXTI3_IRQHandler                         0x0800015f   Thumb Code     0  startup_stm32f103xe.o(.text)
    EXTI4_IRQHandler                         0x0800015f   Thumb Code     0  startup_stm32f103xe.o(.text)
    EXTI9_5_IRQHandler                       0x0800015f   Thumb Code     0  startup_stm32f103xe.o(.text)
    FLASH_IRQHandler                         0x0800015f   Thumb Code     0  startup_stm32f103xe.o(.text)
    FSMC_IRQHandler                          0x0800015f   Thumb Code     0  startup_stm32f103xe.o(.text)
    I2C1_ER_IRQHandler                       0x0800015f   Thumb Code     0  startup_stm32f103xe.o(.text)
    I2C1_EV_IRQHandler                       0x0800015f   Thumb Code     0  startup_stm32f103xe.o(.text)
    I2C2_ER_IRQHandler                       0x0800015f   Thumb Code     0  startup_stm32f103xe.o(.text)
    I2C2_EV_IRQHandler                       0x0800015f   Thumb Code     0  startup_stm32f103xe.o(.text)
    PVD_IRQHandler                           0x0800015f   Thumb Code     0  startup_stm32f103xe.o(.text)
    RCC_IRQHandler                           0x0800015f   Thumb Code     0  startup_stm32f103xe.o(.text)
    RTC_Alarm_IRQHandler                     0x0800015f   Thumb Code     0  startup_stm32f103xe.o(.text)
    SDIO_IRQHandler                          0x0800015f   Thumb Code     0  startup_stm32f103xe.o(.text)
    SPI2_IRQHandler                          0x0800015f   Thumb Code     0  startup_stm32f103xe.o(.text)
    TAMPER_IRQHandler                        0x0800015f   Thumb Code     0  startup_stm32f103xe.o(.text)
    TIM1_BRK_IRQHandler                      0x0800015f   Thumb Code     0  startup_stm32f103xe.o(.text)
    TIM1_CC_IRQHandler                       0x0800015f   Thumb Code     0  startup_stm32f103xe.o(.text)
    TIM1_TRG_COM_IRQHandler                  0x0800015f   Thumb Code     0  startup_stm32f103xe.o(.text)
    TIM1_UP_IRQHandler                       0x0800015f   Thumb Code     0  startup_stm32f103xe.o(.text)
    TIM2_IRQHandler                          0x0800015f   Thumb Code     0  startup_stm32f103xe.o(.text)
    TIM3_IRQHandler                          0x0800015f   Thumb Code     0  startup_stm32f103xe.o(.text)
    TIM4_IRQHandler                          0x0800015f   Thumb Code     0  startup_stm32f103xe.o(.text)
    TIM5_IRQHandler                          0x0800015f   Thumb Code     0  startup_stm32f103xe.o(.text)
    TIM6_IRQHandler                          0x0800015f   Thumb Code     0  startup_stm32f103xe.o(.text)
    TIM7_IRQHandler                          0x0800015f   Thumb Code     0  startup_stm32f103xe.o(.text)
    TIM8_BRK_IRQHandler                      0x0800015f   Thumb Code     0  startup_stm32f103xe.o(.text)
    TIM8_CC_IRQHandler                       0x0800015f   Thumb Code     0  startup_stm32f103xe.o(.text)
    TIM8_TRG_COM_IRQHandler                  0x0800015f   Thumb Code     0  startup_stm32f103xe.o(.text)
    TIM8_UP_IRQHandler                       0x0800015f   Thumb Code     0  startup_stm32f103xe.o(.text)
    UART4_IRQHandler                         0x0800015f   Thumb Code     0  startup_stm32f103xe.o(.text)
    UART5_IRQHandler                         0x0800015f   Thumb Code     0  startup_stm32f103xe.o(.text)
    USART2_IRQHandler                        0x0800015f   Thumb Code     0  startup_stm32f103xe.o(.text)
    USART3_IRQHandler                        0x0800015f   Thumb Code     0  startup_stm32f103xe.o(.text)
    USBWakeUp_IRQHandler                     0x0800015f   Thumb Code     0  startup_stm32f103xe.o(.text)
    USB_HP_CAN1_TX_IRQHandler                0x0800015f   Thumb Code     0  startup_stm32f103xe.o(.text)
    USB_LP_CAN1_RX0_IRQHandler               0x0800015f   Thumb Code     0  startup_stm32f103xe.o(.text)
    WWDG_IRQHandler                          0x0800015f   Thumb Code     0  startup_stm32f103xe.o(.text)
    __aeabi_llsr                             0x08000169   Thumb Code    32  llushr.o(.text)
    _ll_ushift_r                             0x08000169   Thumb Code     0  llushr.o(.text)
    __aeabi_memset                           0x08000189   Thumb Code    14  memseta.o(.text)
    __aeabi_memset4                          0x08000189   Thumb Code     0  memseta.o(.text)
    __aeabi_memset8                          0x08000189   Thumb Code     0  memseta.o(.text)
    __aeabi_memclr                           0x08000197   Thumb Code     4  memseta.o(.text)
    __aeabi_memclr4                          0x08000197   Thumb Code     0  memseta.o(.text)
    __aeabi_memclr8                          0x08000197   Thumb Code     0  memseta.o(.text)
    _memset$wrapper                          0x0800019b   Thumb Code    18  memseta.o(.text)
    strlen                                   0x080001ad   Thumb Code    14  strlen.o(.text)
    __aeabi_uldivmod                         0x080001bb   Thumb Code    98  uldiv.o(.text)
    __scatterload                            0x0800021d   Thumb Code    28  init.o(.text)
    __scatterload_rt2                        0x0800021d   Thumb Code     0  init.o(.text)
    __aeabi_llsl                             0x08000241   Thumb Code    30  llshl.o(.text)
    _ll_shift_l                              0x08000241   Thumb Code     0  llshl.o(.text)
    BusFault_Handler                         0x0800025f   Thumb Code     2  stm32f1xx_it.o(i.BusFault_Handler)
    CRC_Check                                0x08000261   Thumb Code    52  communication.o(i.CRC_Check)
    ClearBitMask                             0x08000295   Thumb Code    24  rc522.o(i.ClearBitMask)
    DebugMon_Handler                         0x080002ad   Thumb Code     2  stm32f1xx_it.o(i.DebugMon_Handler)
    FLASH_PageErase                          0x080002b1   Thumb Code    28  stm32f1xx_hal_flash_ex.o(i.FLASH_PageErase)
    FLASH_WaitForLastOperation               0x0800034d   Thumb Code    80  stm32f1xx_hal_flash.o(i.FLASH_WaitForLastOperation)
    GUI_DrawFont16                           0x080003a1   Thumb Code   222  gui.o(i.GUI_DrawFont16)
    GUI_DrawFont24                           0x0800048d   Thumb Code   226  gui.o(i.GUI_DrawFont24)
    Gui_Drawbmp16                            0x0800057d   Thumb Code    78  gui.o(i.Gui_Drawbmp16)
    Gui_StrCenter                            0x080005d1   Thumb Code    62  gui.o(i.Gui_StrCenter)
    HAL_DMA_Abort_IT                         0x08000615   Thumb Code   296  stm32f1xx_hal_dma.o(i.HAL_DMA_Abort_IT)
    HAL_Delay                                0x08000745   Thumb Code    32  stm32f1xx_hal.o(i.HAL_Delay)
    HAL_FLASH_Lock                           0x08000769   Thumb Code    14  stm32f1xx_hal_flash.o(i.HAL_FLASH_Lock)
    HAL_FLASH_Program                        0x0800077d   Thumb Code   120  stm32f1xx_hal_flash.o(i.HAL_FLASH_Program)
    HAL_FLASH_Unlock                         0x080007fd   Thumb Code    28  stm32f1xx_hal_flash.o(i.HAL_FLASH_Unlock)
    HAL_GPIO_Init                            0x08000825   Thumb Code   462  stm32f1xx_hal_gpio.o(i.HAL_GPIO_Init)
    HAL_GPIO_ReadPin                         0x08000a1d   Thumb Code    10  stm32f1xx_hal_gpio.o(i.HAL_GPIO_ReadPin)
    HAL_GPIO_WritePin                        0x08000a27   Thumb Code    10  stm32f1xx_hal_gpio.o(i.HAL_GPIO_WritePin)
    HAL_GetTick                              0x08000a31   Thumb Code     6  stm32f1xx_hal.o(i.HAL_GetTick)
    HAL_IncTick                              0x08000a3d   Thumb Code    12  stm32f1xx_hal.o(i.HAL_IncTick)
    HAL_Init                                 0x08000a4d   Thumb Code    32  stm32f1xx_hal.o(i.HAL_Init)
    HAL_InitTick                             0x08000a71   Thumb Code    54  stm32f1xx_hal.o(i.HAL_InitTick)
    HAL_MspInit                              0x08000ab1   Thumb Code    52  stm32f1xx_hal_msp.o(i.HAL_MspInit)
    HAL_NVIC_EnableIRQ                       0x08000aed   Thumb Code    26  stm32f1xx_hal_cortex.o(i.HAL_NVIC_EnableIRQ)
    HAL_NVIC_SetPriority                     0x08000b09   Thumb Code    60  stm32f1xx_hal_cortex.o(i.HAL_NVIC_SetPriority)
    HAL_NVIC_SetPriorityGrouping             0x08000b49   Thumb Code    26  stm32f1xx_hal_cortex.o(i.HAL_NVIC_SetPriorityGrouping)
    HAL_PWR_EnableBkUpAccess                 0x08000b6d   Thumb Code     8  stm32f1xx_hal_pwr.o(i.HAL_PWR_EnableBkUpAccess)
    HAL_RCCEx_GetPeriphCLKFreq               0x08000b79   Thumb Code   180  stm32f1xx_hal_rcc_ex.o(i.HAL_RCCEx_GetPeriphCLKFreq)
    HAL_RCCEx_PeriphCLKConfig                0x08000c4d   Thumb Code   224  stm32f1xx_hal_rcc_ex.o(i.HAL_RCCEx_PeriphCLKConfig)
    HAL_RCC_ClockConfig                      0x08000d39   Thumb Code   280  stm32f1xx_hal_rcc.o(i.HAL_RCC_ClockConfig)
    HAL_RCC_GetPCLK1Freq                     0x08000e65   Thumb Code    20  stm32f1xx_hal_rcc.o(i.HAL_RCC_GetPCLK1Freq)
    HAL_RCC_GetPCLK2Freq                     0x08000e85   Thumb Code    20  stm32f1xx_hal_rcc.o(i.HAL_RCC_GetPCLK2Freq)
    HAL_RCC_GetSysClockFreq                  0x08000ea5   Thumb Code    74  stm32f1xx_hal_rcc.o(i.HAL_RCC_GetSysClockFreq)
    HAL_RCC_OscConfig                        0x08000f11   Thumb Code   778  stm32f1xx_hal_rcc.o(i.HAL_RCC_OscConfig)
    HAL_RTCEx_RTCEventCallback               0x08001231   Thumb Code     2  stm32f1xx_hal_rtc_ex.o(i.HAL_RTCEx_RTCEventCallback)
    HAL_RTCEx_RTCEventErrorCallback          0x08001233   Thumb Code     2  stm32f1xx_hal_rtc_ex.o(i.HAL_RTCEx_RTCEventErrorCallback)
    HAL_RTCEx_RTCIRQHandler                  0x08001235   Thumb Code    60  stm32f1xx_hal_rtc_ex.o(i.HAL_RTCEx_RTCIRQHandler)
    HAL_RTC_GetDate                          0x08001271   Thumb Code    78  stm32f1xx_hal_rtc.o(i.HAL_RTC_GetDate)
    HAL_RTC_GetTime                          0x080012bf   Thumb Code   216  stm32f1xx_hal_rtc.o(i.HAL_RTC_GetTime)
    HAL_RTC_Init                             0x08001399   Thumb Code   154  stm32f1xx_hal_rtc.o(i.HAL_RTC_Init)
    HAL_RTC_MspInit                          0x08001439   Thumb Code    60  stm32f1xx_hal_msp.o(i.HAL_RTC_MspInit)
    HAL_RTC_SetDate                          0x08001481   Thumb Code   192  stm32f1xx_hal_rtc.o(i.HAL_RTC_SetDate)
    HAL_RTC_SetTime                          0x08001545   Thumb Code   168  stm32f1xx_hal_rtc.o(i.HAL_RTC_SetTime)
    HAL_RTC_WaitForSynchro                   0x080015f1   Thumb Code    58  stm32f1xx_hal_rtc.o(i.HAL_RTC_WaitForSynchro)
    HAL_SPI_ErrorCallback                    0x0800162b   Thumb Code     2  stm32f1xx_hal_spi.o(i.HAL_SPI_ErrorCallback)
    HAL_SPI_IRQHandler                       0x0800162d   Thumb Code   220  stm32f1xx_hal_spi.o(i.HAL_SPI_IRQHandler)
    HAL_SPI_Init                             0x0800170d   Thumb Code   178  stm32f1xx_hal_spi.o(i.HAL_SPI_Init)
    HAL_SPI_MspInit                          0x080017c1   Thumb Code   200  stm32f1xx_hal_msp.o(i.HAL_SPI_MspInit)
    HAL_SPI_Receive                          0x0800189d   Thumb Code   346  stm32f1xx_hal_spi.o(i.HAL_SPI_Receive)
    HAL_SPI_Transmit                         0x080019f7   Thumb Code   358  stm32f1xx_hal_spi.o(i.HAL_SPI_Transmit)
    HAL_SPI_TransmitReceive                  0x08001b5d   Thumb Code   482  stm32f1xx_hal_spi.o(i.HAL_SPI_TransmitReceive)
    HAL_SYSTICK_Config                       0x08001d3f   Thumb Code    40  stm32f1xx_hal_cortex.o(i.HAL_SYSTICK_Config)
    HAL_UART_ErrorCallback                   0x08001d67   Thumb Code     2  stm32f1xx_hal_uart.o(i.HAL_UART_ErrorCallback)
    HAL_UART_IRQHandler                      0x08001d69   Thumb Code   344  stm32f1xx_hal_uart.o(i.HAL_UART_IRQHandler)
    HAL_UART_Init                            0x08001ec5   Thumb Code    98  stm32f1xx_hal_uart.o(i.HAL_UART_Init)
    HAL_UART_MspInit                         0x08001f29   Thumb Code   116  stm32f1xx_hal_msp.o(i.HAL_UART_MspInit)
    HAL_UART_RxCpltCallback                  0x08001fa9   Thumb Code     2  stm32f1xx_hal_uart.o(i.HAL_UART_RxCpltCallback)
    HAL_UART_Transmit                        0x08001fad   Thumb Code   178  stm32f1xx_hal_uart.o(i.HAL_UART_Transmit)
    HAL_UART_TxCpltCallback                  0x0800205f   Thumb Code     2  stm32f1xx_hal_uart.o(i.HAL_UART_TxCpltCallback)
    HardFault_Handler                        0x08002061   Thumb Code     2  stm32f1xx_it.o(i.HardFault_Handler)
    LCD_Clear                                0x08002065   Thumb Code    80  lcd.o(i.LCD_Clear)
    LCD_DrawPoint                            0x080020bd   Thumb Code    18  lcd.o(i.LCD_DrawPoint)
    LCD_Fill                                 0x080020d5   Thumb Code    80  gui.o(i.LCD_Fill)
    LCD_Init                                 0x08002129   Thumb Code   576  lcd.o(i.LCD_Init)
    LCD_RESET                                0x08002369   Thumb Code    26  lcd.o(i.LCD_RESET)
    LCD_SetCursor                            0x08002389   Thumb Code     8  lcd.o(i.LCD_SetCursor)
    LCD_SetWindows                           0x08002391   Thumb Code    88  lcd.o(i.LCD_SetWindows)
    LCD_ShowChar                             0x080023ed   Thumb Code   346  gui.o(i.LCD_ShowChar)
    LCD_WR_DATA                              0x0800255d   Thumb Code    28  lcd.o(i.LCD_WR_DATA)
    LCD_WR_REG                               0x08002581   Thumb Code    28  lcd.o(i.LCD_WR_REG)
    LCD_WriteRAM_Prepare                     0x080025a5   Thumb Code     8  lcd.o(i.LCD_WriteRAM_Prepare)
    LCD_WriteReg                             0x080025b1   Thumb Code    18  lcd.o(i.LCD_WriteReg)
    LCD_direction                            0x080025c5   Thumb Code    72  lcd.o(i.LCD_direction)
    Lcd_WriteData_16Bit                      0x08002611   Thumb Code    28  lcd.o(i.Lcd_WriteData_16Bit)
    M500PcdConfigISOType                     0x08002635   Thumb Code    88  rc522.o(i.M500PcdConfigISOType)
    MemManage_Handler                        0x0800287d   Thumb Code     2  stm32f1xx_it.o(i.MemManage_Handler)
    NMI_Handler                              0x0800287f   Thumb Code     2  stm32f1xx_it.o(i.NMI_Handler)
    PcdAntennaOff                            0x08002881   Thumb Code     8  rc522.o(i.PcdAntennaOff)
    PcdAntennaOn                             0x08002889   Thumb Code    26  rc522.o(i.PcdAntennaOn)
    PcdAnticoll                              0x080028a3   Thumb Code   106  rc522.o(i.PcdAnticoll)
    PcdComMF522                              0x0800290d   Thumb Code   278  rc522.o(i.PcdComMF522)
    PcdRequest                               0x08002a23   Thumb Code    80  rc522.o(i.PcdRequest)
    PcdReset                                 0x08002a75   Thumb Code   118  rc522.o(i.PcdReset)
    PendSV_Handler                           0x08002af1   Thumb Code     2  stm32f1xx_it.o(i.PendSV_Handler)
    RTC_IRQHandler                           0x08002c35   Thumb Code     6  stm32f1xx_it.o(i.RTC_IRQHandler)
    ReadRawRC                                0x08002d15   Thumb Code    80  rc522.o(i.ReadRawRC)
    SPI1_IRQHandler                          0x08002d6d   Thumb Code     6  stm32f1xx_it.o(i.SPI1_IRQHandler)
    SPI3_IRQHandler                          0x08002d79   Thumb Code     6  stm32f1xx_it.o(i.SPI3_IRQHandler)
    STMFLASH_Read                            0x08002ec9   Thumb Code    26  stmflash.o(i.STMFLASH_Read)
    STMFLASH_Write                           0x08002ee5   Thumb Code   216  stmflash.o(i.STMFLASH_Write)
    STMFLASH_Write_NoCheck                   0x08002fc5   Thumb Code    44  stmflash.o(i.STMFLASH_Write_NoCheck)
    SVC_Handler                              0x08002ff1   Thumb Code     2  stm32f1xx_it.o(i.SVC_Handler)
    SetBitMask                               0x08002ff3   Thumb Code    24  rc522.o(i.SetBitMask)
    Show_Str                                 0x0800300d   Thumb Code   152  gui.o(i.Show_Str)
    SysTick_Handler                          0x080030a9   Thumb Code     4  stm32f1xx_it.o(i.SysTick_Handler)
    SystemClock_Config                       0x080030ad   Thumb Code   104  main.o(i.SystemClock_Config)
    SystemInit                               0x08003115   Thumb Code     2  system_stm32f1xx.o(i.SystemInit)
    USART1_IRQHandler                        0x080032ed   Thumb Code    54  stm32f1xx_it.o(i.USART1_IRQHandler)
    UsageFault_Handler                       0x08003331   Thumb Code     2  stm32f1xx_it.o(i.UsageFault_Handler)
    WriteRawRC                               0x08003335   Thumb Code    68  rc522.o(i.WriteRawRC)
    __0printf$8                              0x08003381   Thumb Code    22  printf8.o(i.__0printf$8)
    __1printf$8                              0x08003381   Thumb Code     0  printf8.o(i.__0printf$8)
    __2printf                                0x08003381   Thumb Code     0  printf8.o(i.__0printf$8)
    __0sprintf$8                             0x080033a1   Thumb Code    34  printf8.o(i.__0sprintf$8)
    __1sprintf$8                             0x080033a1   Thumb Code     0  printf8.o(i.__0sprintf$8)
    __2sprintf                               0x080033a1   Thumb Code     0  printf8.o(i.__0sprintf$8)
    __scatterload_copy                       0x080033e9   Thumb Code    14  handlers.o(i.__scatterload_copy)
    __scatterload_null                       0x080033f7   Thumb Code     2  handlers.o(i.__scatterload_null)
    __scatterload_zeroinit                   0x080033f9   Thumb Code    14  handlers.o(i.__scatterload_zeroinit)
    beep                                     0x08003875   Thumb Code   116  communication.o(i.beep)
    change_password                          0x080038ed   Thumb Code   750  key.o(i.change_password)
    clear_all_cardid                         0x08003c71   Thumb Code     6  stmflash.o(i.clear_all_cardid)
    data_led                                 0x08003c7d   Thumb Code    38  communication.o(i.data_led)
    day_night_judge                          0x08003ca9   Thumb Code   100  main.o(i.day_night_judge)
    display_main_gui                         0x08003d11   Thumb Code    70  communication.o(i.display_main_gui)
    display_week                             0x08003d85   Thumb Code    74  communication.o(i.display_week)
    flash_init                               0x08003e09   Thumb Code    48  stmflash.o(i.flash_init)
    fputc                                    0x08003e41   Thumb Code    18  communication.o(i.fputc)
    insert_cardid_addr                       0x08003e59   Thumb Code    30  stmflash.o(i.insert_cardid_addr)
    insert_password_addr                     0x08003e7d   Thumb Code    32  stmflash.o(i.insert_password_addr)
    key_scan                                 0x08003ea5   Thumb Code   406  key.o(i.key_scan)
    lcd_switch                               0x08004045   Thumb Code    18  communication.o(i.lcd_switch)
    lock_control                             0x0800405d   Thumb Code   138  communication.o(i.lock_control)
    lora_cmd_judge                           0x080040f9   Thumb Code  1032  communication.o(i.lora_cmd_judge)
    lora_irq                                 0x08004501   Thumb Code   150  communication.o(i.lora_irq)
    main                                     0x080045a1   Thumb Code   896  main.o(i.main)
    manage_key_value                         0x080049a1   Thumb Code    98  key.o(i.manage_key_value)
    password_to_opendoor                     0x08004a3d   Thumb Code   212  key.o(i.password_to_opendoor)
    rc522_init                               0x08004b31   Thumb Code    20  rc522.o(i.rc522_init)
    rc522_work                               0x08004b45   Thumb Code    44  communication.o(i.rc522_work)
    read_netid                               0x08004b75   Thumb Code     6  stmflash.o(i.read_netid)
    scan_row                                 0x08004b81   Thumb Code    96  key.o(i.scan_row)
    search_cardid                            0x08004be5   Thumb Code    32  stmflash.o(i.search_cardid)
    search_cardid_addr                       0x08004c09   Thumb Code    32  stmflash.o(i.search_cardid_addr)
    search_password                          0x08004c2d   Thumb Code    30  stmflash.o(i.search_password)
    search_password_addr                     0x08004c51   Thumb Code    32  stmflash.o(i.search_password_addr)
    send_cardid                              0x08004c79   Thumb Code   128  communication.o(i.send_cardid)
    send_password                            0x08004d09   Thumb Code   124  communication.o(i.send_password)
    set_password                             0x08004d91   Thumb Code   270  key.o(i.set_password)
    AHBPrescTable                            0x08004ecc   Data          16  system_stm32f1xx.o(.constdata)
    APBPrescTable                            0x08004edc   Data           8  system_stm32f1xx.o(.constdata)
    asc2_1608                                0x08004ee4   Data        1520  gui.o(.constdata)
    tfont16                                  0x080054d4   Data         612  gui.o(.constdata)
    tfont24                                  0x08005738   Data         592  gui.o(.constdata)
    asc2_3216                                0x08005988   Data         704  gui.o(.constdata)
    asc2_8032                                0x08005c48   Data        4400  gui.o(.constdata)
    gImage_siee                              0x08006d78   Data        3200  gui.o(.constdata)
    Region$$Table$$Base                      0x080079f8   Number         0  anon$$obj.o(Region$$Table)
    Region$$Table$$Limit                     0x08007a18   Number         0  anon$$obj.o(Region$$Table)
    lcd_switch_flag                          0x20000000   Data           1  main.o(.data)
    lcd_switch_min                           0x20000001   Data           1  main.o(.data)
    Time                                     0x20000002   Data           3  main.o(.data)
    Date                                     0x20000005   Data           4  main.o(.data)
    car_num                                  0x2000000c   Data           4  main.o(.data)
    uwTickFreq                               0x20000010   Data           1  stm32f1xx_hal.o(.data)
    uwTickPrio                               0x20000014   Data           4  stm32f1xx_hal.o(.data)
    uwTick                                   0x20000018   Data           4  stm32f1xx_hal.o(.data)
    SystemCoreClock                          0x2000001c   Data           4  system_stm32f1xx.o(.data)
    rec_done_flag                            0x20000022   Data           1  communication.o(.data)
    adjust_time_flag                         0x20000023   Data           1  communication.o(.data)
    rc522_cardid                             0x20000024   Data           4  communication.o(.data)
    POINT_COLOR                              0x20000028   Data           2  lcd.o(.data)
    key_status                               0x2000002e   Data           1  key.o(.data)
    password_num                             0x2000002f   Data           1  key.o(.data)
    set_password_flag                        0x20000030   Data           1  key.o(.data)
    password                                 0x2000003c   Data           6  key.o(.data)
    key_value                                0x20000042   Data          12  key.o(.data)
    net_id                                   0x20000050   Data           1  stmflash.o(.data)
    default_password                         0x20000054   Data           4  stmflash.o(.data)
    __stdout                                 0x20000058   Data           4  stdout.o(.data)
    hrtc                                     0x2000005c   Data          20  main.o(.bss)
    hspi1                                    0x20000070   Data          88  main.o(.bss)
    hspi3                                    0x200000c8   Data          88  main.o(.bss)
    huart1                                   0x20000120   Data          64  main.o(.bss)
    pFlash                                   0x20000160   Data          32  stm32f1xx_hal_flash.o(.bss)
    crc_buf                                  0x20000180   Data          20  communication.o(.bss)
    lora_com                                 0x20000194   Data         109  communication.o(.bss)
    lcddev                                   0x20000202   Data          14  lcd.o(.bss)
    STMFLASH_BUF                             0x20000210   Data        2048  stmflash.o(.bss)
    __initial_sp                             0x20000e10   Data           0  startup_stm32f103xe.o(STACK)



==============================================================================

Memory Map of the image

  Image Entry point : 0x08000131

  Load Region LR_IROM1 (Base: 0x08000000, Size: 0x00007a74, Max: 0x00040000, ABSOLUTE)

    Execution Region ER_IROM1 (Exec base: 0x08000000, Load base: 0x08000000, Size: 0x00007a18, Max: 0x00040000, ABSOLUTE)

    Exec Addr    Load Addr    Size         Type   Attr      Idx    E Section Name        Object

    0x08000000   0x08000000   0x00000130   Data   RO         2307    RESET               startup_stm32f103xe.o
    0x08000130   0x08000130   0x00000000   Code   RO         2953  * .ARM.Collect$$$$00000000  mc_w.l(entry.o)
    0x08000130   0x08000130   0x00000004   Code   RO         3223    .ARM.Collect$$$$00000001  mc_w.l(entry2.o)
    0x08000134   0x08000134   0x00000004   Code   RO         3226    .ARM.Collect$$$$00000004  mc_w.l(entry5.o)
    0x08000138   0x08000138   0x00000000   Code   RO         3228    .ARM.Collect$$$$00000008  mc_w.l(entry7b.o)
    0x08000138   0x08000138   0x00000000   Code   RO         3230    .ARM.Collect$$$$0000000A  mc_w.l(entry8b.o)
    0x08000138   0x08000138   0x00000008   Code   RO         3231    .ARM.Collect$$$$0000000B  mc_w.l(entry9a.o)
    0x08000140   0x08000140   0x00000000   Code   RO         3233    .ARM.Collect$$$$0000000D  mc_w.l(entry10a.o)
    0x08000140   0x08000140   0x00000000   Code   RO         3235    .ARM.Collect$$$$0000000F  mc_w.l(entry11a.o)
    0x08000140   0x08000140   0x00000004   Code   RO         3224    .ARM.Collect$$$$00002712  mc_w.l(entry2.o)
    0x08000144   0x08000144   0x00000024   Code   RO         2308    .text               startup_stm32f103xe.o
    0x08000168   0x08000168   0x00000020   Code   RO         2956    .text               mc_w.l(llushr.o)
    0x08000188   0x08000188   0x00000024   Code   RO         2958    .text               mc_w.l(memseta.o)
    0x080001ac   0x080001ac   0x0000000e   Code   RO         2960    .text               mc_w.l(strlen.o)
    0x080001ba   0x080001ba   0x00000062   Code   RO         3240    .text               mc_w.l(uldiv.o)
    0x0800021c   0x0800021c   0x00000024   Code   RO         3253    .text               mc_w.l(init.o)
    0x08000240   0x08000240   0x0000001e   Code   RO         3255    .text               mc_w.l(llshl.o)
    0x0800025e   0x0800025e   0x00000002   Code   RO          186    i.BusFault_Handler  stm32f1xx_it.o
    0x08000260   0x08000260   0x00000034   Code   RO         2353    i.CRC_Check         communication.o
    0x08000294   0x08000294   0x00000018   Code   RO         2552    i.ClearBitMask      rc522.o
    0x080002ac   0x080002ac   0x00000002   Code   RO          187    i.DebugMon_Handler  stm32f1xx_it.o
    0x080002ae   0x080002ae   0x00000002   PAD
    0x080002b0   0x080002b0   0x00000024   Code   RO         1477    i.FLASH_PageErase   stm32f1xx_hal_flash_ex.o
    0x080002d4   0x080002d4   0x0000001c   Code   RO         1369    i.FLASH_Program_HalfWord  stm32f1xx_hal_flash.o
    0x080002f0   0x080002f0   0x0000005c   Code   RO         1370    i.FLASH_SetErrorCode  stm32f1xx_hal_flash.o
    0x0800034c   0x0800034c   0x00000054   Code   RO         1371    i.FLASH_WaitForLastOperation  stm32f1xx_hal_flash.o
    0x080003a0   0x080003a0   0x000000ec   Code   RO         2698    i.GUI_DrawFont16    gui.o
    0x0800048c   0x0800048c   0x000000f0   Code   RO         2699    i.GUI_DrawFont24    gui.o
    0x0800057c   0x0800057c   0x00000054   Code   RO         2701    i.Gui_Drawbmp16     gui.o
    0x080005d0   0x080005d0   0x00000044   Code   RO         2702    i.Gui_StrCenter     gui.o
    0x08000614   0x08000614   0x00000130   Code   RO         1034    i.HAL_DMA_Abort_IT  stm32f1xx_hal_dma.o
    0x08000744   0x08000744   0x00000024   Code   RO          661    i.HAL_Delay         stm32f1xx_hal.o
    0x08000768   0x08000768   0x00000014   Code   RO         1375    i.HAL_FLASH_Lock    stm32f1xx_hal_flash.o
    0x0800077c   0x0800077c   0x00000080   Code   RO         1380    i.HAL_FLASH_Program  stm32f1xx_hal_flash.o
    0x080007fc   0x080007fc   0x00000028   Code   RO         1382    i.HAL_FLASH_Unlock  stm32f1xx_hal_flash.o
    0x08000824   0x08000824   0x000001f8   Code   RO          969    i.HAL_GPIO_Init     stm32f1xx_hal_gpio.o
    0x08000a1c   0x08000a1c   0x0000000a   Code   RO          971    i.HAL_GPIO_ReadPin  stm32f1xx_hal_gpio.o
    0x08000a26   0x08000a26   0x0000000a   Code   RO          973    i.HAL_GPIO_WritePin  stm32f1xx_hal_gpio.o
    0x08000a30   0x08000a30   0x0000000c   Code   RO          665    i.HAL_GetTick       stm32f1xx_hal.o
    0x08000a3c   0x08000a3c   0x00000010   Code   RO          671    i.HAL_IncTick       stm32f1xx_hal.o
    0x08000a4c   0x08000a4c   0x00000024   Code   RO          672    i.HAL_Init          stm32f1xx_hal.o
    0x08000a70   0x08000a70   0x00000040   Code   RO          673    i.HAL_InitTick      stm32f1xx_hal.o
    0x08000ab0   0x08000ab0   0x0000003c   Code   RO          286    i.HAL_MspInit       stm32f1xx_hal_msp.o
    0x08000aec   0x08000aec   0x0000001a   Code   RO         1129    i.HAL_NVIC_EnableIRQ  stm32f1xx_hal_cortex.o
    0x08000b06   0x08000b06   0x00000002   PAD
    0x08000b08   0x08000b08   0x00000040   Code   RO         1135    i.HAL_NVIC_SetPriority  stm32f1xx_hal_cortex.o
    0x08000b48   0x08000b48   0x00000024   Code   RO         1136    i.HAL_NVIC_SetPriorityGrouping  stm32f1xx_hal_cortex.o
    0x08000b6c   0x08000b6c   0x0000000c   Code   RO         1251    i.HAL_PWR_EnableBkUpAccess  stm32f1xx_hal_pwr.o
    0x08000b78   0x08000b78   0x000000d4   Code   RO          931    i.HAL_RCCEx_GetPeriphCLKFreq  stm32f1xx_hal_rcc_ex.o
    0x08000c4c   0x08000c4c   0x000000ec   Code   RO          932    i.HAL_RCCEx_PeriphCLKConfig  stm32f1xx_hal_rcc_ex.o
    0x08000d38   0x08000d38   0x0000012c   Code   RO          829    i.HAL_RCC_ClockConfig  stm32f1xx_hal_rcc.o
    0x08000e64   0x08000e64   0x00000020   Code   RO          836    i.HAL_RCC_GetPCLK1Freq  stm32f1xx_hal_rcc.o
    0x08000e84   0x08000e84   0x00000020   Code   RO          837    i.HAL_RCC_GetPCLK2Freq  stm32f1xx_hal_rcc.o
    0x08000ea4   0x08000ea4   0x0000006c   Code   RO          838    i.HAL_RCC_GetSysClockFreq  stm32f1xx_hal_rcc.o
    0x08000f10   0x08000f10   0x00000320   Code   RO          841    i.HAL_RCC_OscConfig  stm32f1xx_hal_rcc.o
    0x08001230   0x08001230   0x00000002   Code   RO          557    i.HAL_RTCEx_RTCEventCallback  stm32f1xx_hal_rtc_ex.o
    0x08001232   0x08001232   0x00000002   Code   RO          558    i.HAL_RTCEx_RTCEventErrorCallback  stm32f1xx_hal_rtc_ex.o
    0x08001234   0x08001234   0x0000003c   Code   RO          559    i.HAL_RTCEx_RTCIRQHandler  stm32f1xx_hal_rtc_ex.o
    0x08001270   0x08001270   0x0000004e   Code   RO          387    i.HAL_RTC_GetDate   stm32f1xx_hal_rtc.o
    0x080012be   0x080012be   0x000000d8   Code   RO          389    i.HAL_RTC_GetTime   stm32f1xx_hal_rtc.o
    0x08001396   0x08001396   0x00000002   PAD
    0x08001398   0x08001398   0x000000a0   Code   RO          390    i.HAL_RTC_Init      stm32f1xx_hal_rtc.o
    0x08001438   0x08001438   0x00000048   Code   RO          288    i.HAL_RTC_MspInit   stm32f1xx_hal_msp.o
    0x08001480   0x08001480   0x000000c4   Code   RO          396    i.HAL_RTC_SetDate   stm32f1xx_hal_rtc.o
    0x08001544   0x08001544   0x000000ac   Code   RO          397    i.HAL_RTC_SetTime   stm32f1xx_hal_rtc.o
    0x080015f0   0x080015f0   0x0000003a   Code   RO          398    i.HAL_RTC_WaitForSynchro  stm32f1xx_hal_rtc.o
    0x0800162a   0x0800162a   0x00000002   Code   RO         1636    i.HAL_SPI_ErrorCallback  stm32f1xx_hal_spi.o
    0x0800162c   0x0800162c   0x000000e0   Code   RO         1639    i.HAL_SPI_IRQHandler  stm32f1xx_hal_spi.o
    0x0800170c   0x0800170c   0x000000b2   Code   RO         1640    i.HAL_SPI_Init      stm32f1xx_hal_spi.o
    0x080017be   0x080017be   0x00000002   PAD
    0x080017c0   0x080017c0   0x000000dc   Code   RO          290    i.HAL_SPI_MspInit   stm32f1xx_hal_msp.o
    0x0800189c   0x0800189c   0x0000015a   Code   RO         1643    i.HAL_SPI_Receive   stm32f1xx_hal_spi.o
    0x080019f6   0x080019f6   0x00000166   Code   RO         1648    i.HAL_SPI_Transmit  stm32f1xx_hal_spi.o
    0x08001b5c   0x08001b5c   0x000001e2   Code   RO         1649    i.HAL_SPI_TransmitReceive  stm32f1xx_hal_spi.o
    0x08001d3e   0x08001d3e   0x00000028   Code   RO         1140    i.HAL_SYSTICK_Config  stm32f1xx_hal_cortex.o
    0x08001d66   0x08001d66   0x00000002   Code   RO         2008    i.HAL_UART_ErrorCallback  stm32f1xx_hal_uart.o
    0x08001d68   0x08001d68   0x0000015c   Code   RO         2011    i.HAL_UART_IRQHandler  stm32f1xx_hal_uart.o
    0x08001ec4   0x08001ec4   0x00000062   Code   RO         2012    i.HAL_UART_Init     stm32f1xx_hal_uart.o
    0x08001f26   0x08001f26   0x00000002   PAD
    0x08001f28   0x08001f28   0x00000080   Code   RO          292    i.HAL_UART_MspInit  stm32f1xx_hal_msp.o
    0x08001fa8   0x08001fa8   0x00000002   Code   RO         2018    i.HAL_UART_RxCpltCallback  stm32f1xx_hal_uart.o
    0x08001faa   0x08001faa   0x00000002   PAD
    0x08001fac   0x08001fac   0x000000b2   Code   RO         2020    i.HAL_UART_Transmit  stm32f1xx_hal_uart.o
    0x0800205e   0x0800205e   0x00000002   Code   RO         2023    i.HAL_UART_TxCpltCallback  stm32f1xx_hal_uart.o
    0x08002060   0x08002060   0x00000002   Code   RO          188    i.HardFault_Handler  stm32f1xx_it.o
    0x08002062   0x08002062   0x00000002   PAD
    0x08002064   0x08002064   0x00000058   Code   RO         2456    i.LCD_Clear         lcd.o
    0x080020bc   0x080020bc   0x00000018   Code   RO         2457    i.LCD_DrawPoint     lcd.o
    0x080020d4   0x080020d4   0x00000054   Code   RO         2706    i.LCD_Fill          gui.o
    0x08002128   0x08002128   0x00000240   Code   RO         2458    i.LCD_Init          lcd.o
    0x08002368   0x08002368   0x00000020   Code   RO         2459    i.LCD_RESET         lcd.o
    0x08002388   0x08002388   0x00000008   Code   RO         2460    i.LCD_SetCursor     lcd.o
    0x08002390   0x08002390   0x0000005c   Code   RO         2461    i.LCD_SetWindows    lcd.o
    0x080023ec   0x080023ec   0x00000170   Code   RO         2707    i.LCD_ShowChar      gui.o
    0x0800255c   0x0800255c   0x00000024   Code   RO         2462    i.LCD_WR_DATA       lcd.o
    0x08002580   0x08002580   0x00000024   Code   RO         2463    i.LCD_WR_REG        lcd.o
    0x080025a4   0x080025a4   0x0000000c   Code   RO         2464    i.LCD_WriteRAM_Prepare  lcd.o
    0x080025b0   0x080025b0   0x00000012   Code   RO         2465    i.LCD_WriteReg      lcd.o
    0x080025c2   0x080025c2   0x00000002   PAD
    0x080025c4   0x080025c4   0x0000004c   Code   RO         2466    i.LCD_direction     lcd.o
    0x08002610   0x08002610   0x00000024   Code   RO         2467    i.Lcd_WriteData_16Bit  lcd.o
    0x08002634   0x08002634   0x00000058   Code   RO         2553    i.M500PcdConfigISOType  rc522.o
    0x0800268c   0x0800268c   0x00000120   Code   RO            5    i.MX_GPIO_Init      main.o
    0x080027ac   0x080027ac   0x00000060   Code   RO            6    i.MX_RTC_Init       main.o
    0x0800280c   0x0800280c   0x00000038   Code   RO            7    i.MX_SPI1_Init      main.o
    0x08002844   0x08002844   0x00000038   Code   RO            8    i.MX_SPI3_Init      main.o
    0x0800287c   0x0800287c   0x00000002   Code   RO          189    i.MemManage_Handler  stm32f1xx_it.o
    0x0800287e   0x0800287e   0x00000002   Code   RO          190    i.NMI_Handler       stm32f1xx_it.o
    0x08002880   0x08002880   0x00000008   Code   RO         2554    i.PcdAntennaOff     rc522.o
    0x08002888   0x08002888   0x0000001a   Code   RO         2555    i.PcdAntennaOn      rc522.o
    0x080028a2   0x080028a2   0x0000006a   Code   RO         2556    i.PcdAnticoll       rc522.o
    0x0800290c   0x0800290c   0x00000116   Code   RO         2557    i.PcdComMF522       rc522.o
    0x08002a22   0x08002a22   0x00000050   Code   RO         2558    i.PcdRequest        rc522.o
    0x08002a72   0x08002a72   0x00000002   PAD
    0x08002a74   0x08002a74   0x0000007c   Code   RO         2559    i.PcdReset          rc522.o
    0x08002af0   0x08002af0   0x00000002   Code   RO          191    i.PendSV_Handler    stm32f1xx_it.o
    0x08002af2   0x08002af2   0x00000012   Code   RO          399    i.RTC_Bcd2ToByte    stm32f1xx_hal_rtc.o
    0x08002b04   0x08002b04   0x00000016   Code   RO          400    i.RTC_ByteToBcd2    stm32f1xx_hal_rtc.o
    0x08002b1a   0x08002b1a   0x000000ae   Code   RO          401    i.RTC_DateUpdate    stm32f1xx_hal_rtc.o
    0x08002bc8   0x08002bc8   0x00000034   Code   RO          402    i.RTC_EnterInitMode  stm32f1xx_hal_rtc.o
    0x08002bfc   0x08002bfc   0x00000036   Code   RO          403    i.RTC_ExitInitMode  stm32f1xx_hal_rtc.o
    0x08002c32   0x08002c32   0x00000002   PAD
    0x08002c34   0x08002c34   0x0000000c   Code   RO          192    i.RTC_IRQHandler    stm32f1xx_it.o
    0x08002c40   0x08002c40   0x0000000e   Code   RO          404    i.RTC_ReadAlarmCounter  stm32f1xx_hal_rtc.o
    0x08002c4e   0x08002c4e   0x00000020   Code   RO          405    i.RTC_ReadTimeCounter  stm32f1xx_hal_rtc.o
    0x08002c6e   0x08002c6e   0x00000056   Code   RO          406    i.RTC_WeekDayNum    stm32f1xx_hal_rtc.o
    0x08002cc4   0x08002cc4   0x00000028   Code   RO          407    i.RTC_WriteAlarmCounter  stm32f1xx_hal_rtc.o
    0x08002cec   0x08002cec   0x00000028   Code   RO          408    i.RTC_WriteTimeCounter  stm32f1xx_hal_rtc.o
    0x08002d14   0x08002d14   0x00000058   Code   RO         2560    i.ReadRawRC         rc522.o
    0x08002d6c   0x08002d6c   0x0000000c   Code   RO          193    i.SPI1_IRQHandler   stm32f1xx_it.o
    0x08002d78   0x08002d78   0x0000000c   Code   RO          194    i.SPI3_IRQHandler   stm32f1xx_it.o
    0x08002d84   0x08002d84   0x00000010   Code   RO         1667    i.SPI_DMAAbortOnError  stm32f1xx_hal_spi.o
    0x08002d94   0x08002d94   0x0000005c   Code   RO         1677    i.SPI_EndRxTransaction  stm32f1xx_hal_spi.o
    0x08002df0   0x08002df0   0x00000020   Code   RO         1678    i.SPI_EndRxTxTransaction  stm32f1xx_hal_spi.o
    0x08002e10   0x08002e10   0x000000b8   Code   RO         1683    i.SPI_WaitFlagStateUntilTimeout  stm32f1xx_hal_spi.o
    0x08002ec8   0x08002ec8   0x0000001a   Code   RO         2834    i.STMFLASH_Read     stmflash.o
    0x08002ee2   0x08002ee2   0x00000002   PAD
    0x08002ee4   0x08002ee4   0x000000e0   Code   RO         2836    i.STMFLASH_Write    stmflash.o
    0x08002fc4   0x08002fc4   0x0000002c   Code   RO         2837    i.STMFLASH_Write_NoCheck  stmflash.o
    0x08002ff0   0x08002ff0   0x00000002   Code   RO          195    i.SVC_Handler       stm32f1xx_it.o
    0x08002ff2   0x08002ff2   0x00000018   Code   RO         2561    i.SetBitMask        rc522.o
    0x0800300a   0x0800300a   0x00000002   PAD
    0x0800300c   0x0800300c   0x0000009c   Code   RO         2710    i.Show_Str          gui.o
    0x080030a8   0x080030a8   0x00000004   Code   RO          196    i.SysTick_Handler   stm32f1xx_it.o
    0x080030ac   0x080030ac   0x00000068   Code   RO            9    i.SystemClock_Config  main.o
    0x08003114   0x08003114   0x00000002   Code   RO         2316    i.SystemInit        system_stm32f1xx.o
    0x08003116   0x08003116   0x00000010   Code   RO         2025    i.UART_DMAAbortOnError  stm32f1xx_hal_uart.o
    0x08003126   0x08003126   0x0000001c   Code   RO         2035    i.UART_EndRxTransfer  stm32f1xx_hal_uart.o
    0x08003142   0x08003142   0x0000008c   Code   RO         2037    i.UART_Receive_IT   stm32f1xx_hal_uart.o
    0x080031ce   0x080031ce   0x00000002   PAD
    0x080031d0   0x080031d0   0x000000b8   Code   RO         2038    i.UART_SetConfig    stm32f1xx_hal_uart.o
    0x08003288   0x08003288   0x00000064   Code   RO         2039    i.UART_WaitOnFlagUntilTimeout  stm32f1xx_hal_uart.o
    0x080032ec   0x080032ec   0x00000044   Code   RO          197    i.USART1_IRQHandler  stm32f1xx_it.o
    0x08003330   0x08003330   0x00000002   Code   RO          198    i.UsageFault_Handler  stm32f1xx_it.o
    0x08003332   0x08003332   0x00000002   PAD
    0x08003334   0x08003334   0x0000004c   Code   RO         2562    i.WriteRawRC        rc522.o
    0x08003380   0x08003380   0x00000020   Code   RO         3169    i.__0printf$8       mc_w.l(printf8.o)
    0x080033a0   0x080033a0   0x00000028   Code   RO         3171    i.__0sprintf$8      mc_w.l(printf8.o)
    0x080033c8   0x080033c8   0x00000020   Code   RO         1142    i.__NVIC_SetPriority  stm32f1xx_hal_cortex.o
    0x080033e8   0x080033e8   0x0000000e   Code   RO         3263    i.__scatterload_copy  mc_w.l(handlers.o)
    0x080033f6   0x080033f6   0x00000002   Code   RO         3264    i.__scatterload_null  mc_w.l(handlers.o)
    0x080033f8   0x080033f8   0x0000000e   Code   RO         3265    i.__scatterload_zeroinit  mc_w.l(handlers.o)
    0x08003406   0x08003406   0x00000002   PAD
    0x08003408   0x08003408   0x00000410   Code   RO         3176    i._printf_core      mc_w.l(printf8.o)
    0x08003818   0x08003818   0x00000024   Code   RO         3177    i._printf_post_padding  mc_w.l(printf8.o)
    0x0800383c   0x0800383c   0x0000002e   Code   RO         3178    i._printf_pre_padding  mc_w.l(printf8.o)
    0x0800386a   0x0800386a   0x0000000a   Code   RO         3180    i._sputc            mc_w.l(printf8.o)
    0x08003874   0x08003874   0x00000078   Code   RO         2354    i.beep              communication.o
    0x080038ec   0x080038ec   0x00000384   Code   RO         2639    i.change_password   key.o
    0x08003c70   0x08003c70   0x0000000c   Code   RO         2839    i.clear_all_cardid  stmflash.o
    0x08003c7c   0x08003c7c   0x0000002c   Code   RO         2355    i.data_led          communication.o
    0x08003ca8   0x08003ca8   0x00000068   Code   RO           10    i.day_night_judge   main.o
    0x08003d10   0x08003d10   0x00000074   Code   RO         2356    i.display_main_gui  communication.o
    0x08003d84   0x08003d84   0x00000084   Code   RO         2357    i.display_week      communication.o
    0x08003e08   0x08003e08   0x00000038   Code   RO         2840    i.flash_init        stmflash.o
    0x08003e40   0x08003e40   0x00000018   Code   RO         2358    i.fputc             communication.o
    0x08003e58   0x08003e58   0x00000024   Code   RO         2841    i.insert_cardid_addr  stmflash.o
    0x08003e7c   0x08003e7c   0x00000028   Code   RO         2842    i.insert_password_addr  stmflash.o
    0x08003ea4   0x08003ea4   0x000001a0   Code   RO         2640    i.key_scan          key.o
    0x08004044   0x08004044   0x00000018   Code   RO         2359    i.lcd_switch        communication.o
    0x0800405c   0x0800405c   0x0000009c   Code   RO         2360    i.lock_control      communication.o
    0x080040f8   0x080040f8   0x00000408   Code   RO         2361    i.lora_cmd_judge    communication.o
    0x08004500   0x08004500   0x000000a0   Code   RO         2362    i.lora_irq          communication.o
    0x080045a0   0x080045a0   0x00000400   Code   RO           11    i.main              main.o
    0x080049a0   0x080049a0   0x0000009c   Code   RO         2641    i.manage_key_value  key.o
    0x08004a3c   0x08004a3c   0x000000f4   Code   RO         2642    i.password_to_opendoor  key.o
    0x08004b30   0x08004b30   0x00000014   Code   RO         2563    i.rc522_init        rc522.o
    0x08004b44   0x08004b44   0x00000030   Code   RO         2363    i.rc522_work        communication.o
    0x08004b74   0x08004b74   0x0000000c   Code   RO         2845    i.read_netid        stmflash.o
    0x08004b80   0x08004b80   0x00000064   Code   RO         2643    i.scan_row          key.o
    0x08004be4   0x08004be4   0x00000024   Code   RO         2846    i.search_cardid     stmflash.o
    0x08004c08   0x08004c08   0x00000024   Code   RO         2847    i.search_cardid_addr  stmflash.o
    0x08004c2c   0x08004c2c   0x00000024   Code   RO         2848    i.search_password   stmflash.o
    0x08004c50   0x08004c50   0x00000028   Code   RO         2849    i.search_password_addr  stmflash.o
    0x08004c78   0x08004c78   0x00000090   Code   RO         2364    i.send_cardid       communication.o
    0x08004d08   0x08004d08   0x00000088   Code   RO         2365    i.send_password     communication.o
    0x08004d90   0x08004d90   0x0000013c   Code   RO         2644    i.set_password      key.o
    0x08004ecc   0x08004ecc   0x00000010   Data   RO         2317    .constdata          system_stm32f1xx.o
    0x08004edc   0x08004edc   0x00000008   Data   RO         2318    .constdata          system_stm32f1xx.o
    0x08004ee4   0x08004ee4   0x00001e94   Data   RO         2715    .constdata          gui.o
    0x08006d78   0x08006d78   0x00000c80   Data   RO         2716    .constdata          gui.o
    0x080079f8   0x080079f8   0x00000020   Data   RO         3261    Region$$Table       anon$$obj.o


    Execution Region RW_IRAM1 (Exec base: 0x20000000, Load base: 0x08007a18, Size: 0x00000e10, Max: 0x0000c000, ABSOLUTE)

    Exec Addr    Load Addr    Size         Type   Attr      Idx    E Section Name        Object

    0x20000000   0x08007a18   0x00000010   Data   RW           13    .data               main.o
    0x20000010   0x08007a28   0x0000000c   Data   RW          679    .data               stm32f1xx_hal.o
    0x2000001c   0x08007a34   0x00000004   Data   RW         2319    .data               system_stm32f1xx.o
    0x20000020   0x08007a38   0x00000008   Data   RW         2368    .data               communication.o
    0x20000028   0x08007a40   0x00000002   Data   RW         2469    .data               lcd.o
    0x2000002a   0x08007a42   0x00000002   PAD
    0x2000002c   0x08007a44   0x00000022   Data   RW         2645    .data               key.o
    0x2000004e   0x08007a66   0x00000002   PAD
    0x20000050   0x08007a68   0x00000008   Data   RW         2852    .data               stmflash.o
    0x20000058   0x08007a70   0x00000004   Data   RW         3237    .data               mc_w.l(stdout.o)
    0x2000005c        -       0x00000104   Zero   RW           12    .bss                main.o
    0x20000160        -       0x00000020   Zero   RW         1383    .bss                stm32f1xx_hal_flash.o
    0x20000180        -       0x00000014   Zero   RW         2366    .bss                communication.o
    0x20000194        -       0x0000006d   Zero   RW         2367    .bss                communication.o
    0x20000201   0x08007a74   0x00000001   PAD
    0x20000202        -       0x0000000e   Zero   RW         2468    .bss                lcd.o
    0x20000210        -       0x00000800   Zero   RW         2851    .bss                stmflash.o
    0x20000a10        -       0x00000400   Zero   RW         2305    STACK               startup_stm32f103xe.o


==============================================================================

Image component sizes


      Code (inc. data)   RO Data    RW Data    ZI Data      Debug   Object Name

      2188        246          0          8        129       9921   communication.o
      1236         70      11028          0          0       7869   gui.o
      2132        300          0         34          0       5536   key.o
      1034         56          0          2         14       8236   lcd.o
      1728        184          0         16        260     482979   main.o
       942         22          0          0          0       8016   rc522.o
        36          8        304          0       1024        768   startup_stm32f103xe.o
       164         28          0         12          0       6497   stm32f1xx_hal.o
       198         14          0          0          0      28935   stm32f1xx_hal_cortex.o
       304          8          0          0          0       1163   stm32f1xx_hal_dma.o
       392         46          0          0         32       4714   stm32f1xx_hal_flash.o
        36          8          0          0          0       1833   stm32f1xx_hal_flash_ex.o
       524         42          0          0          0       3527   stm32f1xx_hal_gpio.o
       480         52          0          0          0       3001   stm32f1xx_hal_msp.o
        12          4          0          0          0        511   stm32f1xx_hal_pwr.o
      1272        100          0          0          0       5188   stm32f1xx_hal_rcc.o
       448         44          0          0          0       2561   stm32f1xx_hal_rcc_ex.o
      1412         14          0          0          0      12684   stm32f1xx_hal_rtc.o
        64          0          0          0          0       2101   stm32f1xx_hal_rtc_ex.o
      1914          8          0          0          0      10187   stm32f1xx_hal_spi.o
      1098         10          0          0          0       8691   stm32f1xx_hal_uart.o
       124         32          0          0          0       5687   stm32f1xx_it.o
       598         64          0          8       2048       8200   stmflash.o
         2          0         24          4          0       1115   system_stm32f1xx.o

    ----------------------------------------------------------------------
     18366       1360      11388         88       3508     629920   Object Totals
         0          0         32          0          0          0   (incl. Generated)
        28          0          0          4          1          0   (incl. Padding)

    ----------------------------------------------------------------------

      Code (inc. data)   RO Data    RW Data    ZI Data      Debug   Library Member Name

         0          0          0          0          0          0   entry.o
         0          0          0          0          0          0   entry10a.o
         0          0          0          0          0          0   entry11a.o
         8          4          0          0          0          0   entry2.o
         4          0          0          0          0          0   entry5.o
         0          0          0          0          0          0   entry7b.o
         0          0          0          0          0          0   entry8b.o
         8          4          0          0          0          0   entry9a.o
        30          0          0          0          0          0   handlers.o
        36          8          0          0          0         68   init.o
        30          0          0          0          0         68   llshl.o
        32          0          0          0          0         68   llushr.o
        36          0          0          0          0        108   memseta.o
      1204         60          0          0          0        504   printf8.o
         0          0          0          4          0          0   stdout.o
        14          0          0          0          0         68   strlen.o
        98          0          0          0          0         92   uldiv.o

    ----------------------------------------------------------------------
      1502         76          0          4          0        976   Library Totals
         2          0          0          0          0          0   (incl. Padding)

    ----------------------------------------------------------------------

      Code (inc. data)   RO Data    RW Data    ZI Data      Debug   Library Name

      1500         76          0          4          0        976   mc_w.l

    ----------------------------------------------------------------------
      1502         76          0          4          0        976   Library Totals

    ----------------------------------------------------------------------

==============================================================================


      Code (inc. data)   RO Data    RW Data    ZI Data      Debug   

     19868       1436      11388         92       3508     622728   Grand Totals
     19868       1436      11388         92       3508     622728   ELF Image Totals
     19868       1436      11388         92          0          0   ROM Totals

==============================================================================

    Total RO  Size (Code + RO Data)                31256 (  30.52kB)
    Total RW  Size (RW Data + ZI Data)              3600 (   3.52kB)
    Total ROM Size (Code + RO Data + RW Data)      31348 (  30.61kB)

==============================================================================

